Archive member included to satisfy reference by file (symbol)

D:\anas_datas\workspace1\lpc_board_lpcxpresso_54114\Debug\liblpc_board_lpcxpresso_54114.a(board.o)
                              ./src/main.o (Board_LED_RGB_Set)
D:\anas_datas\workspace1\lpc_board_lpcxpresso_54114\Debug\liblpc_board_lpcxpresso_54114.a(board_sysinit.o)
                              ./src/sysinit.o (Board_SystemInit)
D:\anas_datas\workspace1\lpc_chip_5411x\Debug\liblpc_chip_5411x.a(adc_5411x.o)
                              ./src/main.o (Chip_ADC_Init)
D:\anas_datas\workspace1\lpc_chip_5411x\Debug\liblpc_chip_5411x.a(chip_5411x.o)
                              ./src/main.o (SystemCoreClock)
D:\anas_datas\workspace1\lpc_chip_5411x\Debug\liblpc_chip_5411x.a(clock_5411x.o)
                              ./src/main.o (Chip_Clock_EnablePeriphClock)
D:\anas_datas\workspace1\lpc_chip_5411x\Debug\liblpc_chip_5411x.a(fpu_init.o)
                              ./src/sysinit.o (fpuInit)
D:\anas_datas\workspace1\lpc_chip_5411x\Debug\liblpc_chip_5411x.a(pll_5411x.o)
                              D:\anas_datas\workspace1\lpc_chip_5411x\Debug\liblpc_chip_5411x.a(clock_5411x.o) (Chip_Clock_GetSystemPLLOutClockRate)
D:\anas_datas\workspace1\lpc_chip_5411x\Debug\liblpc_chip_5411x.a(spi_common_5411x.o)
                              ./src/main.o (Chip_SPI_Init)
D:\anas_datas\workspace1\lpc_chip_5411x\Debug\liblpc_chip_5411x.a(spim_5411x.o)
                              ./src/main.o (Chip_SPIM_SetClockRate)
D:\anas_datas\workspace1\lpc_chip_5411x\Debug\liblpc_chip_5411x.a(syscon_5411x.o)
                              D:\anas_datas\workspace1\lpc_board_lpcxpresso_54114\Debug\liblpc_board_lpcxpresso_54114.a(board_sysinit.o) (Chip_SYSCON_PowerUp)
D:\anas_datas\workspace1\lpc_chip_5411x\Debug\liblpc_chip_5411x.a(sysinit_5411x.o)
                              D:\anas_datas\workspace1\lpc_board_lpcxpresso_54114\Debug\liblpc_board_lpcxpresso_54114.a(board_sysinit.o) (Chip_SetupFROClocking)
D:\anas_datas\workspace1\lpc_chip_5411x\Debug\liblpc_chip_5411x.a(timer_5411x.o)
                              ./src/main.o (Chip_TIMER_Reset)
D:\anas_datas\workspace1\lpc_chip_5411x\Debug\liblpc_chip_5411x.a(uart_5411x.o)
                              D:\anas_datas\workspace1\lpc_board_lpcxpresso_54114\Debug\liblpc_board_lpcxpresso_54114.a(board.o) (Chip_UART_Init)
D:\anas_datas\workspace1\lpc_chip_5411x\Debug\liblpc_chip_5411x.a(flexcomm_5411x.o)
                              D:\anas_datas\workspace1\lpc_chip_5411x\Debug\liblpc_chip_5411x.a(spim_5411x.o) (Chip_FLEXCOMM_GetIndex)
D:\anas_datas\workspace1\lpc_chip_5411x\Debug\liblpc_chip_5411x.a(ring_buffer.o)
                              D:\anas_datas\workspace1\lpc_chip_5411x\Debug\liblpc_chip_5411x.a(uart_5411x.o) (RingBuffer_Insert)
D:\anas_datas\workspace1\lpc_chip_5411x\libs\libpower.a(power_library.o)
                              D:\anas_datas\workspace1\lpc_chip_5411x\Debug\liblpc_chip_5411x.a(sysinit_5411x.o) (Chip_POWER_SetFROHFRate)
c:/nxp/lpcxpresso_8.2.2_650/lpcxpresso/tools/bin/../lib/gcc/arm-none-eabi/5.4.1/../../../../arm-none-eabi/lib/armv7e-m/softfp\libcr_nohost.a(_cr__main.o)
                              ./src/cr_startup_lpc5411x.o (__main)
c:/nxp/lpcxpresso_8.2.2_650/lpcxpresso/tools/bin/../lib/gcc/arm-none-eabi/5.4.1/../../../../arm-none-eabi/lib/armv7e-m/softfp\libcr_c.a(memcpy.o)
                              D:\anas_datas\workspace1\lpc_chip_5411x\Debug\liblpc_chip_5411x.a(ring_buffer.o) (memcpy)
c:/nxp/lpcxpresso_8.2.2_650/lpcxpresso/tools/bin/../lib/gcc/arm-none-eabi/5.4.1/../../../../arm-none-eabi/lib/armv7e-m/softfp\libcr_c.a(fpprintf.o)
                              ./src/main.o (sprintf)
c:/nxp/lpcxpresso_8.2.2_650/lpcxpresso/tools/bin/../lib/gcc/arm-none-eabi/5.4.1/../../../../arm-none-eabi/lib/armv7e-m/softfp\libcr_c.a(initio.o)
                              c:/nxp/lpcxpresso_8.2.2_650/lpcxpresso/tools/bin/../lib/gcc/arm-none-eabi/5.4.1/../../../../arm-none-eabi/lib/armv7e-m/softfp\libcr_nohost.a(_cr__main.o) (_initio)
c:/nxp/lpcxpresso_8.2.2_650/lpcxpresso/tools/bin/../lib/gcc/arm-none-eabi/5.4.1/../../../../arm-none-eabi/lib/armv7e-m/softfp\libcr_c.a(printf.o)
                              c:/nxp/lpcxpresso_8.2.2_650/lpcxpresso/tools/bin/../lib/gcc/arm-none-eabi/5.4.1/../../../../arm-none-eabi/lib/armv7e-m/softfp\libcr_c.a(fpprintf.o) (__vfprintf)
c:/nxp/lpcxpresso_8.2.2_650/lpcxpresso/tools/bin/../lib/gcc/arm-none-eabi/5.4.1/../../../../arm-none-eabi/lib/armv7e-m/softfp\libcr_c.a(setvbuf.o)
                              c:/nxp/lpcxpresso_8.2.2_650/lpcxpresso/tools/bin/../lib/gcc/arm-none-eabi/5.4.1/../../../../arm-none-eabi/lib/armv7e-m/softfp\libcr_c.a(initio.o) (setvbuf)
c:/nxp/lpcxpresso_8.2.2_650/lpcxpresso/tools/bin/../lib/gcc/arm-none-eabi/5.4.1/../../../../arm-none-eabi/lib/armv7e-m/softfp\libcr_c.a(stdio.o)
[...]
Memory Configuration

Name             Origin             Length             Attributes
MFlash256        0x00000000         0x00040000         xr
Ram0_64          0x20000000         0x00010000         xrw
Ram1_64          0x20010000         0x00010000         xrw
Ram3_32          0x20020000         0x00008000         xrw
RamX_32          0x04000000         0x00008000         xrw
*default*        0x00000000         0xffffffff

Linker script and memory map

LOAD ./src/cr_startup_lpc5411x.o
LOAD ./src/crp.o
LOAD ./src/main.o
LOAD ./src/sysinit.o
LOAD D:\anas_datas\workspace1\lpc_board_lpcxpresso_54114\Debug\liblpc_board_lpcxpresso_54114.a
LOAD D:\anas_datas\workspace1\lpc_chip_5411x\Debug\liblpc_chip_5411x.a
LOAD D:\anas_datas\workspace1\lpc_chip_5411x\libs\libpower.a
START GROUP
LOAD c:/nxp/lpcxpresso_8.2.2_650/lpcxpresso/tools/bin/../lib/gcc/arm-none-eabi/5.4.1/../../../../arm-none-eabi/lib/armv7e-m/softfp\libcr_nohost.a
LOAD c:/nxp/lpcxpresso_8.2.2_650/lpcxpresso/tools/bin/../lib/gcc/arm-none-eabi/5.4.1/../../../../arm-none-eabi/lib/armv7e-m/softfp\libcr_c.a
LOAD c:/nxp/lpcxpresso_8.2.2_650/lpcxpresso/tools/bin/../lib/gcc/arm-none-eabi/5.4.1/armv7e-m/softfp\libcr_eabihelpers.a
END GROUP
                0x00000000                __base_MFlash256 = 0x0
                0x00000000                __base_Flash = 0x0
                0x00040000                __top_MFlash256 = 0x40000
                0x00040000                __top_Flash = 0x40000
                0x20000000                __base_Ram0_64 = 0x20000000
                0x20000000                __base_RAM = 0x20000000
                0x20010000                __top_Ram0_64 = 0x20010000
                0x20010000                __top_RAM = 0x20010000
                0x20010000                __base_Ram1_64 = 0x20010000
                0x20010000                __base_RAM2 = 0x20010000
                0x20020000                __top_Ram1_64 = 0x20020000
                0x20020000                __top_RAM2 = 0x20020000
                0x20020000                __base_Ram3_32 = 0x20020000
                0x20020000                __base_RAM3 = 0x20020000
                0x20028000                __top_Ram3_32 = 0x20028000
                0x20028000                __top_RAM3 = 0x20028000
                0x04000000                __base_RamX_32 = 0x4000000
                0x04000000                __base_RAM4 = 0x4000000
                0x04008000                __top_RamX_32 = 0x4008000
                0x04008000                __top_RAM4 = 0x4008000

.text           0x00000000     0x64f0
 FILL mask 0xff
                0x00000000                __vectors_start__ = ABSOLUTE (.)
 *(.isr_vector)
 .isr_vector    0x00000000       0xe0 ./src/cr_startup_lpc5411x.o
                0x00000000                g_pfnVectors
                0x000000e0                . = ALIGN (0x4)
                0x000000e0                __section_table_start = .
                0x000000e0                __data_section_table = .
                0x000000e0        0x4 LONG 0x64f0 LOADADDR (.data)
                0x000000e4        0x4 LONG 0x20000000 ADDR (.data)
                0x000000e8        0x4 LONG 0x5808 SIZEOF (.data)
                0x000000ec        0x4 LONG 0x64f0 LOADADDR (.data_RAM2)
                0x000000f0        0x4 LONG 0x20010000 ADDR (.data_RAM2)
                0x000000f4        0x4 LONG 0x0 SIZEOF (.data_RAM2)
                0x000000f8        0x4 LONG 0x64f0 LOADADDR (.data_RAM3)
                0x000000fc        0x4 LONG 0x20020000 ADDR (.data_RAM3)
                0x00000100        0x4 LONG 0x0 SIZEOF (.data_RAM3)
                0x00000104        0x4 LONG 0x64f0 LOADADDR (.data_RAM4)
                0x00000108        0x4 LONG 0x4000000 ADDR (.data_RAM4)
                0x0000010c        0x4 LONG 0x0 SIZEOF (.data_RAM4)
                0x00000110                __data_section_table_end = .
                0x00000110                __bss_section_table = .
                0x00000110        0x4 LONG 0x20005808 ADDR (.bss)
                0x00000114        0x4 LONG 0x1c4 SIZEOF (.bss)
                0x00000118        0x4 LONG 0x20010000 ADDR (.bss_RAM2)
                0x0000011c        0x4 LONG 0x0 SIZEOF (.bss_RAM2)
                0x00000120        0x4 LONG 0x20020000 ADDR (.bss_RAM3)
                0x00000124        0x4 LONG 0x0 SIZEOF (.bss_RAM3)
                0x00000128        0x4 LONG 0x4000000 ADDR (.bss_RAM4)
                0x0000012c        0x4 LONG 0x0 SIZEOF (.bss_RAM4)
                0x00000130                __bss_section_table_end = .
                0x00000130                __section_table_end = .
 *(.after_vectors*)
 .after_vectors
                0x00000130       0xcc ./src/cr_startup_lpc5411x.o
                0x00000130                data_init
                0x00000174                bss_init
                0x000001ac                NMI_Handler
                0x000001b4                HardFault_Handler
                0x000001bc                MemManage_Handler
                0x000001c4                BusFault_Handler
                0x000001cc                UsageFault_Handler
                0x000001d4                SVC_Handler
                0x000001dc                DebugMon_Handler
                0x000001e4                PendSV_Handler
                0x000001f4                HWVAD_IRQHandler
                0x000001f4                FLEXCOMM7_IRQHandler
                0x000001f4                FLEXCOMM3_IRQHandler
                0x000001f4                CT32B2_IRQHandler
                0x000001f4                PIN_INT6_IRQHandler
                0x000001f4                IntDefaultHandler
                0x000001f4                PIN_INT4_IRQHandler
                0x000001f4                FLEXCOMM6_IRQHandler
                0x000001f4                FLEXCOMM5_IRQHandler
                0x000001f4                FLEXCOMM0_IRQHandler
                0x000001f4                USB_NEEDCLK_IRQHandler
                0x000001f4                CT32B3_IRQHandler
                0x000001f4                WDT_BOD_IRQHandler
                0x000001f4                CT32B1_IRQHandler
                0x000001f4                PIN_INT5_IRQHandler
                0x000001f4                PIN_INT2_IRQHandler
                0x000001f4                FLEXCOMM2_IRQHandler
                0x000001f4                PIN_INT7_IRQHandler
                0x000001f4                ADC_THCMP_IRQHandler
                0x000001f4                PIN_INT1_IRQHandler
                0x000001f4                USB_IRQHandler
                0x000001f4                CT32B4_IRQHandler
                0x000001f4                IOH_IRQHandler
                0x000001f4                MRT_IRQHandler
                0x000001f4                MAILBOX_IRQHandler
                0x000001f4                RTC_IRQHandler
                0x000001f4                ADC_SEQA_IRQHandler
                0x000001f4                PIN_INT0_IRQHandler
                0x000001f4                SPIFI_IRQHandler
                0x000001f4                UTICK_IRQHandler
                0x000001f4                GINT0_IRQHandler
                0x000001f4                FLEXCOMM4_IRQHandler
                0x000001f4                FLEXCOMM1_IRQHandler
                0x000001f4                DMA_IRQHandler
                0x000001f4                Reserved38_IRQHandler
                0x000001f4                PIN_INT3_IRQHandler
                0x000001f4                SCT0_IRQHandler
                0x000001f4                GINT1_IRQHandler
                0x000001f4                DMIC_IRQHandler
 .after_vectors.reset
                0x000001fc       0xc4 ./src/cr_startup_lpc5411x.o
                0x000001fc                ResetISR
                0x000002fc                . = 0x2fc
 *fill*         0x000002c0       0x3c ff
                0x000002fc                PROVIDE (__CRP_WORD_START__, .)
 *(.crp)
 .crp           0x000002fc        0x4 ./src/crp.o
                0x000002fc                CRP_WORD
                0x00000300                PROVIDE (__CRP_WORD_END__, .)
                0x00000001                ASSERT (! ((__CRP_WORD_START__ == __CRP_WORD_END__)), Linker CRP Enabled, but no CRP_WORD provided within application)
 *(.text*)
 .text.NVIC_EnableIRQ
                0x00000300       0x34 ./src/main.o
 .text.NVIC_ClearPendingIRQ
                0x00000334       0x34 ./src/main.o
 .text.NVIC_SetPriority
                0x00000368       0x54 ./src/main.o
 .text.SysTick_Config
                0x000003bc       0x44 ./src/main.o
 .text.Chip_SYSCON_PeriphReset
                0x00000400       0x88 ./src/main.o
 .text.Chip_IOCON_PinMuxSet
                0x00000488       0x30 ./src/main.o
 .text.Chip_GPIO_SetPinState
                0x000004b8       0x38 ./src/main.o
 .text.Chip_GPIO_SetPinDIROutput
                0x000004f0       0x40 ./src/main.o
 .text.Chip_GPIO_SetPinDIRInput
                0x00000530       0x40 ./src/main.o
 .text.Chip_GPIO_SetPinDIR
                0x00000570       0x44 ./src/main.o
 .text.Chip_TIMER_Init
                0x000005b4       0x8c ./src/main.o
 .text.Chip_TIMER_MatchPending
                0x00000640       0x34 ./src/main.o
 .text.Chip_TIMER_ClearMatch
                0x00000674       0x28 ./src/main.o
 .text.Chip_TIMER_Enable
                0x0000069c       0x24 ./src/main.o
 .text.Chip_TIMER_PrescaleSet
                0x000006c0       0x1c ./src/main.o
 .text.Chip_TIMER_SetMatch
                0x000006dc       0x28 ./src/main.o
 .text.Chip_TIMER_MatchEnableInt
                0x00000704       0x38 ./src/main.o
 .text.Chip_TIMER_ResetOnMatchEnable
                0x0000073c       0x3c ./src/main.o
 .text.Chip_ADC_SetSequencerBits
                0x00000778       0x38 ./src/main.o
 .text.Chip_ADC_ClearSequencerBits
                0x000007b0       0x38 ./src/main.o
 .text.Chip_ADC_StartSequencer
                0x000007e8       0x30 ./src/main.o
 .text.Chip_ADC_GetGlobalDataReg
                0x00000818       0x24 ./src/main.o
 .text.Chip_ADC_GetDataReg
                0x0000083c       0x24 ./src/main.o
 .text.Chip_ADC_EnableInt
                0x00000860       0x28 ./src/main.o
 .text.Chip_ADC_GetFlags
                0x00000888       0x18 ./src/main.o
 .text.Chip_SPI_SetCFGRegBits
                0x000008a0       0x2c ./src/main.o
 .text.Chip_SPI_ClearCFGRegBits
                0x000008cc       0x30 ./src/main.o
 .text.Chip_SPI_Enable
                0x000008fc       0x18 ./src/main.o
 .text.Chip_SPI_SetCSPolHigh
                0x00000914       0x28 ./src/main.o
 .text.Chip_SPI_SetCSPolLow
                0x0000093c       0x28 ./src/main.o
 .text.SPI_setupMaster
                0x00000964       0x70 ./src/main.o
 .text.SPI_Init_PinMux
                0x000009d4       0x6c ./src/main.o
 .text.delayms  0x00000a40       0x40 ./src/main.o
                0x00000a40                delayms
 .text.Glcd_Sent_Data
                0x00000a80       0x2c ./src/main.o
 .text.Glcd_rst_h
                0x00000aac       0x18 ./src/main.o
 .text.Glcd_rst_l
                0x00000ac4       0x18 ./src/main.o
 .text.Glcd_dc_h
                0x00000adc       0x18 ./src/main.o
 .text.Glcd_dc_l
                0x00000af4       0x18 ./src/main.o
 .text.Glcd_Write_Cmd
                0x00000b0c       0x34 ./src/main.o
 .text.Glcd_Write_Cmd_Data
                0x00000b40       0x34 ./src/main.o
 .text.Glcd_Initial
                0x00000b74      0x248 ./src/main.o
                0x00000b74                Glcd_Initial
 .text.Glcd_SetPos
                0x00000dbc       0x88 ./src/main.o
 .text.Glcd_ClearScreen
                0x00000e44       0x88 ./src/main.o
                0x00000e44                Glcd_ClearScreen
 .text.Glcd_ClearScreen_part
                0x00000ecc       0x8c ./src/main.o
                0x00000ecc                Glcd_ClearScreen_part
 .text.Glcd_show_font1
                0x00000f58      0x178 ./src/main.o
                0x00000f58                Glcd_show_font1
 .text.Glcd_show_font2
                0x000010d0      0x178 ./src/main.o
                0x000010d0                Glcd_show_font2
 .text.Glcd_show_str
                0x00001248      0x284 ./src/main.o
                0x00001248                Glcd_show_str
 .text.Glcd_show_str_large
                0x000014cc      0x2a0 ./src/main.o
                0x000014cc                Glcd_show_str_large
 .text.Glcd_show_image
                0x0000176c      0x10c ./src/main.o
                0x0000176c                Glcd_show_image
 .text.SysTick_Handler
                0x00001878       0x14 ./src/main.o
                0x00001878                SysTick_Handler
 .text.ADC_SEQB_IRQHandler
                0x0000188c       0x80 ./src/main.o
                0x0000188c                ADC_SEQB_IRQHandler
 .text.ADC_Initial
                0x0000190c       0x60 ./src/main.o
                0x0000190c                ADC_Initial
 .text.ADC_2    0x0000196c       0x94 ./src/main.o
                0x0000196c                ADC_2
 .text.ADC_1    0x00001a00       0x94 ./src/main.o
                0x00001a00                ADC_1
 .text.ADC_scan_task
                0x00001a94       0xb0 ./src/main.o
                0x00001a94                ADC_scan_task
 .text.ADC_check_point
                0x00001b44       0x6c ./src/main.o
                0x00001b44                ADC_check_point
 .text.CT32B0_IRQHandler
                0x00001bb0       0x60 ./src/main.o
                0x00001bb0                CT32B0_IRQHandler
 .text.Timer_Initialize
                0x00001c10       0x70 ./src/main.o
                0x00001c10                Timer_Initialize
 .text.main     0x00001c80      0x1f8 ./src/main.o
                0x00001c80                main
 .text.SystemInit
                0x00001e78       0x20 ./src/sysinit.o
                0x00001e78                SystemInit
 .text.Board_LED_Init
                0x00001e98       0x40 D:\anas_datas\workspace1\lpc_board_lpcxpresso_54114\Debug\liblpc_board_lpcxpresso_54114.a(board.o)
 .text.Board_TestIO_Init
                0x00001ed8       0x40 D:\anas_datas\workspace1\lpc_board_lpcxpresso_54114\Debug\liblpc_board_lpcxpresso_54114.a(board.o)
 .text.Board_Button_Init
                0x00001f18       0x3c D:\anas_datas\workspace1\lpc_board_lpcxpresso_54114\Debug\liblpc_board_lpcxpresso_54114.a(board.o)
 .text.Board_UART_Init
                0x00001f54       0x3c D:\anas_datas\workspace1\lpc_board_lpcxpresso_54114\Debug\liblpc_board_lpcxpresso_54114.a(board.o)
 .text.Board_LED_RGB_Set
                0x00001f90       0x3c D:\anas_datas\workspace1\lpc_board_lpcxpresso_54114\Debug\liblpc_board_lpcxpresso_54114.a(board.o)
                0x00001f90                Board_LED_RGB_Set
 .text.Board_UARTPutChar
                0x00001fcc       0x1c D:\anas_datas\workspace1\lpc_board_lpcxpresso_54114\Debug\liblpc_board_lpcxpresso_54114.a(board.o)
                0x00001fcc                Board_UARTPutChar
 .text.__sys_write
                0x00001fe8       0x1c D:\anas_datas\workspace1\lpc_board_lpcxpresso_54114\Debug\liblpc_board_lpcxpresso_54114.a(board.o)
                0x00001fe8                __sys_write
 .text.Board_Debug_Init
                0x00002004        0x8 D:\anas_datas\workspace1\lpc_board_lpcxpresso_54114\Debug\liblpc_board_lpcxpresso_54114.a(board.o)
                0x00002004                Board_Debug_Init
 .text.Board_Init
                0x0000200c       0x58 D:\anas_datas\workspace1\lpc_board_lpcxpresso_54114\Debug\liblpc_board_lpcxpresso_54114.a(board.o)
                0x0000200c                Board_Init
 .text.ConfigureBridgeSSEL
                0x00002064       0x94 D:\anas_datas\workspace1\lpc_board_lpcxpresso_54114\Debug\liblpc_board_lpcxpresso_54114.a(board_sysinit.o)
 .text.Board_SetupMuxing
                0x000020f8       0x38 D:\anas_datas\workspace1\lpc_board_lpcxpresso_54114\Debug\liblpc_board_lpcxpresso_54114.a(board_sysinit.o)
                0x000020f8                Board_SetupMuxing
 .text.Board_SetupClocking
                0x00002130       0x28 D:\anas_datas\workspace1\lpc_board_lpcxpresso_54114\Debug\liblpc_board_lpcxpresso_54114.a(board_sysinit.o)
                0x00002130                Board_SetupClocking
 .text.Board_SystemInit
                0x00002158       0x20 D:\anas_datas\workspace1\lpc_board_lpcxpresso_54114\Debug\liblpc_board_lpcxpresso_54114.a(board_sysinit.o)
                0x00002158                Board_SystemInit
 .text.Chip_ADC_Init
                0x00002178       0x30 D:\anas_datas\workspace1\lpc_chip_5411x\Debug\liblpc_chip_5411x.a(adc_5411x.o)
                0x00002178                Chip_ADC_Init
 .text.Chip_ADC_Calibration
                0x000021a8      0x110 D:\anas_datas\workspace1\lpc_chip_5411x\Debug\liblpc_chip_5411x.a(adc_5411x.o)
                0x000021a8                Chip_ADC_Calibration
 .text.SystemCoreClockUpdate
                0x000022b8       0x18 D:\anas_datas\workspace1\lpc_chip_5411x\Debug\liblpc_chip_5411x.a(chip_5411x.o)
                0x000022b8                SystemCoreClockUpdate
 .text.Chip_Clock_GetExtClockInRate
                0x000022d0       0x18 D:\anas_datas\workspace1\lpc_chip_5411x\Debug\liblpc_chip_5411x.a(clock_5411x.o)
 .text.Chip_Clock_GetRTCOscRate
                0x000022e8       0x14 D:\anas_datas\workspace1\lpc_chip_5411x\Debug\liblpc_chip_5411x.a(clock_5411x.o)
 .text.Chip_Clock_GetFROHFRate
                0x000022fc       0x2c D:\anas_datas\workspace1\lpc_chip_5411x\Debug\liblpc_chip_5411x.a(clock_5411x.o)
 .text.Chip_Clock_GetMCLKDiv
                0x00002328       0x1c D:\anas_datas\workspace1\lpc_chip_5411x\Debug\liblpc_chip_5411x.a(clock_5411x.o)
 .text.Chip_Clock_GetMCLKSource
                0x00002344       0x20 D:\anas_datas\workspace1\lpc_chip_5411x\Debug\liblpc_chip_5411x.a(clock_5411x.o)
 .text.Chip_Clock_GetMain_A_ClockSource
                0x00002364       0x20 D:\anas_datas\workspace1\lpc_chip_5411x\Debug\liblpc_chip_5411x.a(clock_5411x.o)
 .text.Chip_Clock_GetMain_B_ClockSource
                0x00002384       0x18 D:\anas_datas\workspace1\lpc_chip_5411x\Debug\liblpc_chip_5411x.a(clock_5411x.o)
 .text.Chip_Clock_GetFLEXCOMMClockSource
                0x0000239c       0x28 D:\anas_datas\workspace1\lpc_chip_5411x\Debug\liblpc_chip_5411x.a(clock_5411x.o)
 .text.Chip_Clock_GetAsyncSysconClockSource
                0x000023c4       0x20 D:\anas_datas\workspace1\lpc_chip_5411x\Debug\liblpc_chip_5411x.a(clock_5411x.o)
 .text.Chip_Clock_GetFRGClockSource
                0x000023e4       0x20 D:\anas_datas\workspace1\lpc_chip_5411x\Debug\liblpc_chip_5411x.a(clock_5411x.o)
 .text.Chip_Clock_GetAsyncSyscon_ClockRate_NoDiv
                0x00002404       0x3c D:\anas_datas\workspace1\lpc_chip_5411x\Debug\liblpc_chip_5411x.a(clock_5411x.o)
 .text.Chip_Clock_GetMain_A_ClockRate
                0x00002440       0x60 D:\anas_datas\workspace1\lpc_chip_5411x\Debug\liblpc_chip_5411x.a(clock_5411x.o)
                0x00002440                Chip_Clock_GetMain_A_ClockRate
 .text.Chip_Clock_GetMain_B_ClockRate
                0x000024a0       0x40 D:\anas_datas\workspace1\lpc_chip_5411x\Debug\liblpc_chip_5411x.a(clock_5411x.o)
                0x000024a0                Chip_Clock_GetMain_B_ClockRate
 .text.Chip_Clock_EnablePeriphClock
                0x000024e0       0x60 D:\anas_datas\workspace1\lpc_chip_5411x\Debug\liblpc_chip_5411x.a(clock_5411x.o)
                0x000024e0                Chip_Clock_EnablePeriphClock
 .text.Chip_Clock_GetAsyncSyscon_ClockRate
                0x00002540       0x18 D:\anas_datas\workspace1\lpc_chip_5411x\Debug\liblpc_chip_5411x.a(clock_5411x.o)
                0x00002540                Chip_Clock_GetAsyncSyscon_ClockRate
 .text.Chip_Clock_GetMainClockRate
                0x00002558       0x28 D:\anas_datas\workspace1\lpc_chip_5411x\Debug\liblpc_chip_5411x.a(clock_5411x.o)
                0x00002558                Chip_Clock_GetMainClockRate
 .text.Chip_Clock_GetSystemClockRate
                0x00002580       0x20 D:\anas_datas\workspace1\lpc_chip_5411x\Debug\liblpc_chip_5411x.a(clock_5411x.o)
                0x00002580                Chip_Clock_GetSystemClockRate
 .text.Chip_Clock_GetFRGClockRate
                0x000025a0       0x6c D:\anas_datas\workspace1\lpc_chip_5411x\Debug\liblpc_chip_5411x.a(clock_5411x.o)
                0x000025a0                Chip_Clock_GetFRGClockRate
 .text.Chip_Clock_GetFRGInClockRate
                0x0000260c       0x60 D:\anas_datas\workspace1\lpc_chip_5411x\Debug\liblpc_chip_5411x.a(clock_5411x.o)
                0x0000260c                Chip_Clock_GetFRGInClockRate
 .text.Chip_Clock_GetMCLKClockRate
                0x0000266c       0x74 D:\anas_datas\workspace1\lpc_chip_5411x\Debug\liblpc_chip_5411x.a(clock_5411x.o)
                0x0000266c                Chip_Clock_GetMCLKClockRate
 .text.Chip_Clock_GetFLEXCOMMClockRate
                0x000026e0       0x78 D:\anas_datas\workspace1\lpc_chip_5411x\Debug\liblpc_chip_5411x.a(clock_5411x.o)
                0x000026e0                Chip_Clock_GetFLEXCOMMClockRate
 .text.Chip_Clock_GetWDTOSCRate
                0x00002758       0x70 D:\anas_datas\workspace1\lpc_chip_5411x\Debug\liblpc_chip_5411x.a(clock_5411x.o)
                0x00002758                Chip_Clock_GetWDTOSCRate
 .text.fpuInit  0x000027c8       0x74 D:\anas_datas\workspace1\lpc_chip_5411x\Debug\liblpc_chip_5411x.a(fpu_init.o)
                0x000027c8                fpuInit
 .text.Chip_Clock_GetExtClockInRate
                0x0000283c       0x18 D:\anas_datas\workspace1\lpc_chip_5411x\Debug\liblpc_chip_5411x.a(pll_5411x.o)
 .text.Chip_Clock_GetRTCOscRate
                0x00002854       0x14 D:\anas_datas\workspace1\lpc_chip_5411x\Debug\liblpc_chip_5411x.a(pll_5411x.o)
 .text.pllDecodeN
                0x00002868       0xa0 D:\anas_datas\workspace1\lpc_chip_5411x\Debug\liblpc_chip_5411x.a(pll_5411x.o)
 .text.pllDecodeP
                0x00002908       0x88 D:\anas_datas\workspace1\lpc_chip_5411x\Debug\liblpc_chip_5411x.a(pll_5411x.o)
 .text.pllDecodeM
                0x00002990       0xa0 D:\anas_datas\workspace1\lpc_chip_5411x\Debug\liblpc_chip_5411x.a(pll_5411x.o)
 .text.findPllPreDiv
                0x00002a30       0x3c D:\anas_datas\workspace1\lpc_chip_5411x\Debug\liblpc_chip_5411x.a(pll_5411x.o)
                0x00002a30                findPllPreDiv
 .text.findPllPostDiv
                0x00002a6c       0x40 D:\anas_datas\workspace1\lpc_chip_5411x\Debug\liblpc_chip_5411x.a(pll_5411x.o)
                0x00002a6c                findPllPostDiv
 .text.findPllMMult
                0x00002aac       0x40 D:\anas_datas\workspace1\lpc_chip_5411x\Debug\liblpc_chip_5411x.a(pll_5411x.o)
                0x00002aac                findPllMMult
 .text.Chip_Clock_GetSystemPLLOutFromSetupUpdate
                0x00002aec       0x20 D:\anas_datas\workspace1\lpc_chip_5411x\Debug\liblpc_chip_5411x.a(pll_5411x.o)
 .text.Chip_Clock_GetSystemPLLInClockRate
                0x00002b0c       0x64 D:\anas_datas\workspace1\lpc_chip_5411x\Debug\liblpc_chip_5411x.a(pll_5411x.o)
                0x00002b0c                Chip_Clock_GetSystemPLLInClockRate
 .text.Chip_Clock_GetSystemPLLOutFromSetup
                0x00002b70      0x144 D:\anas_datas\workspace1\lpc_chip_5411x\Debug\liblpc_chip_5411x.a(pll_5411x.o)
                0x00002b70                Chip_Clock_GetSystemPLLOutFromSetup
 .text.Chip_Clock_GetSystemPLLOutClockRate
                0x00002cb4       0x68 D:\anas_datas\workspace1\lpc_chip_5411x\Debug\liblpc_chip_5411x.a(pll_5411x.o)
                0x00002cb4                Chip_Clock_GetSystemPLLOutClockRate
 .text.Chip_SPI_SetCFGRegBits
                0x00002d1c       0x2c D:\anas_datas\workspace1\lpc_chip_5411x\Debug\liblpc_chip_5411x.a(spi_common_5411x.o)
 .text.Chip_SPI_SetFIFOCfg
                0x00002d48       0x30 D:\anas_datas\workspace1\lpc_chip_5411x\Debug\liblpc_chip_5411x.a(spi_common_5411x.o)
 .text.Chip_SPI_SetFIFOTrigLevel
                0x00002d78       0x3c D:\anas_datas\workspace1\lpc_chip_5411x\Debug\liblpc_chip_5411x.a(spi_common_5411x.o)
 .text.Chip_SPI_FlushFifos
                0x00002db4       0x1c D:\anas_datas\workspace1\lpc_chip_5411x\Debug\liblpc_chip_5411x.a(spi_common_5411x.o)
 .text.Chip_SPI_Init
                0x00002dd0       0x3c D:\anas_datas\workspace1\lpc_chip_5411x\Debug\liblpc_chip_5411x.a(spi_common_5411x.o)
                0x00002dd0                Chip_SPI_Init
 .text.Chip_SPI_ConfigureSPI
                0x00002e0c       0x54 D:\anas_datas\workspace1\lpc_chip_5411x\Debug\liblpc_chip_5411x.a(spi_common_5411x.o)
                0x00002e0c                Chip_SPI_ConfigureSPI
 .text.Chip_SPIM_GetClockRate
                0x00002e60       0x2c D:\anas_datas\workspace1\lpc_chip_5411x\Debug\liblpc_chip_5411x.a(spim_5411x.o)
 .text.Chip_SPIM_SetClockRate
                0x00002e8c       0x68 D:\anas_datas\workspace1\lpc_chip_5411x\Debug\liblpc_chip_5411x.a(spim_5411x.o)
                0x00002e8c                Chip_SPIM_SetClockRate
 .text.Chip_SPIM_DelayConfig
                0x00002ef4       0x48 D:\anas_datas\workspace1\lpc_chip_5411x\Debug\liblpc_chip_5411x.a(spim_5411x.o)
                0x00002ef4                Chip_SPIM_DelayConfig
 .text.Chip_SYSCON_Enable_ASYNC_Syscon
                0x00002f3c       0x30 D:\anas_datas\workspace1\lpc_chip_5411x\Debug\liblpc_chip_5411x.a(syscon_5411x.o)
                0x00002f3c                Chip_SYSCON_Enable_ASYNC_Syscon
 .text.Chip_SYSCON_PowerUp
                0x00002f6c       0x8c D:\anas_datas\workspace1\lpc_chip_5411x\Debug\liblpc_chip_5411x.a(syscon_5411x.o)
                0x00002f6c                Chip_SYSCON_PowerUp
 .text.Chip_SYSCON_SetFLASHAccess
                0x00002ff8       0x34 D:\anas_datas\workspace1\lpc_chip_5411x\Debug\liblpc_chip_5411x.a(sysinit_5411x.o)
 .text.Chip_Clock_SetMain_A_ClockSource
                0x0000302c       0x20 D:\anas_datas\workspace1\lpc_chip_5411x\Debug\liblpc_chip_5411x.a(sysinit_5411x.o)
 .text.Chip_Clock_SetMain_B_ClockSource
                0x0000304c       0x20 D:\anas_datas\workspace1\lpc_chip_5411x\Debug\liblpc_chip_5411x.a(sysinit_5411x.o)
 .text.Chip_Clock_SetAsyncSysconClockSource
                0x0000306c       0x20 D:\anas_datas\workspace1\lpc_chip_5411x\Debug\liblpc_chip_5411x.a(sysinit_5411x.o)
 .text.Chip_Clock_SetMainClockSource
                0x0000308c       0x3c D:\anas_datas\workspace1\lpc_chip_5411x\Debug\liblpc_chip_5411x.a(sysinit_5411x.o)
 .text.setupFlashClocks
                0x000030c8       0x68 D:\anas_datas\workspace1\lpc_chip_5411x\Debug\liblpc_chip_5411x.a(sysinit_5411x.o)
 .text.Chip_SetupFROClocking
                0x00003130       0x6c D:\anas_datas\workspace1\lpc_chip_5411x\Debug\liblpc_chip_5411x.a(sysinit_5411x.o)
                0x00003130                Chip_SetupFROClocking
 .text.Chip_TIMER_Reset
                0x0000319c       0x3c D:\anas_datas\workspace1\lpc_chip_5411x\Debug\liblpc_chip_5411x.a(timer_5411x.o)
                0x0000319c                Chip_TIMER_Reset
 .text.Chip_SYSCON_SetUSARTFRGCtrl
                0x000031d8       0x2c D:\anas_datas\workspace1\lpc_chip_5411x\Debug\liblpc_chip_5411x.a(uart_5411x.o)
 .text.Chip_Clock_SetFLEXCOMMClockSource
                0x00003204       0x28 D:\anas_datas\workspace1\lpc_chip_5411x\Debug\liblpc_chip_5411x.a(uart_5411x.o)
 .text.Chip_Clock_SetFRGClockSource
                0x0000322c       0x20 D:\anas_datas\workspace1\lpc_chip_5411x\Debug\liblpc_chip_5411x.a(uart_5411x.o)
 .text.Chip_Clock_GetFRGClockSource
                0x0000324c       0x20 D:\anas_datas\workspace1\lpc_chip_5411x\Debug\liblpc_chip_5411x.a(uart_5411x.o)
 .text.Chip_UART_SendByte
                0x0000326c       0x20 D:\anas_datas\workspace1\lpc_chip_5411x\Debug\liblpc_chip_5411x.a(uart_5411x.o)
 .text.Chip_UART_GetFIFOStatus
                0x0000328c       0x1c D:\anas_datas\workspace1\lpc_chip_5411x\Debug\liblpc_chip_5411x.a(uart_5411x.o)
 .text.Chip_UART_SetFIFOCfg
                0x000032a8       0x30 D:\anas_datas\workspace1\lpc_chip_5411x\Debug\liblpc_chip_5411x.a(uart_5411x.o)
 .text.Chip_UART_FlushFIFOs
                0x000032d8       0x1c D:\anas_datas\workspace1\lpc_chip_5411x\Debug\liblpc_chip_5411x.a(uart_5411x.o)
 .text._UART_DivClk
                0x000032f4       0x64 D:\anas_datas\workspace1\lpc_chip_5411x\Debug\liblpc_chip_5411x.a(uart_5411x.o)
 .text._UART_GetHighDiv
                0x00003358       0x54 D:\anas_datas\workspace1\lpc_chip_5411x\Debug\liblpc_chip_5411x.a(uart_5411x.o)
 .text._CalcErr
                0x000033ac       0x70 D:\anas_datas\workspace1\lpc_chip_5411x\Debug\liblpc_chip_5411x.a(uart_5411x.o)
 .text._UART_CalcDiv
                0x0000341c       0xe4 D:\anas_datas\workspace1\lpc_chip_5411x\Debug\liblpc_chip_5411x.a(uart_5411x.o)
 .text._UART_CalcMul
                0x00003500       0xc8 D:\anas_datas\workspace1\lpc_chip_5411x\Debug\liblpc_chip_5411x.a(uart_5411x.o)
 .text.Chip_UART_Init
                0x000035c8       0x34 D:\anas_datas\workspace1\lpc_chip_5411x\Debug\liblpc_chip_5411x.a(uart_5411x.o)
                0x000035c8                Chip_UART_Init
 .text.Chip_UART_Send
                0x000035fc       0x50 D:\anas_datas\workspace1\lpc_chip_5411x\Debug\liblpc_chip_5411x.a(uart_5411x.o)
                0x000035fc                Chip_UART_Send
 .text.Chip_UART_SendBlocking
                0x0000364c       0x4c D:\anas_datas\workspace1\lpc_chip_5411x\Debug\liblpc_chip_5411x.a(uart_5411x.o)
                0x0000364c                Chip_UART_SendBlocking
 .text.Chip_UART_CalculateBaud
                0x00003698       0x28 D:\anas_datas\workspace1\lpc_chip_5411x\Debug\liblpc_chip_5411x.a(uart_5411x.o)
                0x00003698                Chip_UART_CalculateBaud
 .text.Chip_UART_SetBaud
                0x000036c0       0x90 D:\anas_datas\workspace1\lpc_chip_5411x\Debug\liblpc_chip_5411x.a(uart_5411x.o)
                0x000036c0                Chip_UART_SetBaud
 .text.Chip_SYSCON_PeriphReset
                0x00003750       0x88 D:\anas_datas\workspace1\lpc_chip_5411x\Debug\liblpc_chip_5411x.a(flexcomm_5411x.o)
 .text.Chip_SYSCON_EnableWakeup
                0x000037d8       0x38 D:\anas_datas\workspace1\lpc_chip_5411x\Debug\liblpc_chip_5411x.a(flexcomm_5411x.o)
 .text.Chip_Clock_SetFLEXCOMMClockSource
                0x00003810       0x28 D:\anas_datas\workspace1\lpc_chip_5411x\Debug\liblpc_chip_5411x.a(flexcomm_5411x.o)
 .text.Chip_FLEXCOMM_GetIndex
                0x00003838       0x9c D:\anas_datas\workspace1\lpc_chip_5411x\Debug\liblpc_chip_5411x.a(flexcomm_5411x.o)
                0x00003838                Chip_FLEXCOMM_GetIndex
 .text.Chip_FLEXCOMM_Init
                0x000038d4       0x74 D:\anas_datas\workspace1\lpc_chip_5411x\Debug\liblpc_chip_5411x.a(flexcomm_5411x.o)
                0x000038d4                Chip_FLEXCOMM_Init
 .text.Chip_FLEXCOMM_SetPeriph
                0x00003948       0x90 D:\anas_datas\workspace1\lpc_chip_5411x\Debug\liblpc_chip_5411x.a(flexcomm_5411x.o)
                0x00003948                Chip_FLEXCOMM_SetPeriph
 .text.Chip_POWER_SetFROHFRate
                0x000039d8       0x4c D:\anas_datas\workspace1\lpc_chip_5411x\libs\libpower.a(power_library.o)
                0x000039d8                Chip_POWER_SetFROHFRate
 .text.Chip_POWER_SetVoltage
                0x00003a24      0x118 D:\anas_datas\workspace1\lpc_chip_5411x\libs\libpower.a(power_library.o)
                0x00003a24                Chip_POWER_SetVoltage
 .text.__main   0x00003b3c       0x14 c:/nxp/lpcxpresso_8.2.2_650/lpcxpresso/tools/bin/../lib/gcc/arm-none-eabi/5.4.1/../../../../arm-none-eabi/lib/armv7e-m/softfp\libcr_nohost.a(_cr__main.o)
                0x00003b3c                __main
 .text.fp_round
                0x00003b50       0x4e c:/nxp/lpcxpresso_8.2.2_650/lpcxpresso/tools/bin/../lib/gcc/arm-none-eabi/5.4.1/../../../../arm-none-eabi/lib/armv7e-m/softfp\libcr_c.a(fpprintf.o)
 .text.pr_dec.constprop.1
                0x00003b9e       0x26 c:/nxp/lpcxpresso_8.2.2_650/lpcxpresso/tools/bin/../lib/gcc/arm-none-eabi/5.4.1/../../../../arm-none-eabi/lib/armv7e-m/softfp\libcr_c.a(fpprintf.o)
 .text.sprintf  0x00003bc4       0x6c c:/nxp/lpcxpresso_8.2.2_650/lpcxpresso/tools/bin/../lib/gcc/arm-none-eabi/5.4.1/../../../../arm-none-eabi/lib/armv7e-m/softfp\libcr_c.a(fpprintf.o)
                0x00003bc4                sprintf
 .text.fp_display
                0x00003c30      0x8f8 c:/nxp/lpcxpresso_8.2.2_650/lpcxpresso/tools/bin/../lib/gcc/arm-none-eabi/5.4.1/../../../../arm-none-eabi/lib/armv7e-m/softfp\libcr_c.a(fpprintf.o)
 .text._initio  0x00004528       0xa4 c:/nxp/lpcxpresso_8.2.2_650/lpcxpresso/tools/bin/../lib/gcc/arm-none-eabi/5.4.1/../../../../arm-none-eabi/lib/armv7e-m/softfp\libcr_c.a(initio.o)
                0x00004528                _initio
 .text.__vfprintf
                0x000045cc      0xd48 c:/nxp/lpcxpresso_8.2.2_650/lpcxpresso/tools/bin/../lib/gcc/arm-none-eabi/5.4.1/../../../../arm-none-eabi/lib/armv7e-m/softfp\libcr_c.a(printf.o)
                0x000045cc                __vfprintf
 .text.setvbuf  0x00005314       0x40 c:/nxp/lpcxpresso_8.2.2_650/lpcxpresso/tools/bin/../lib/gcc/arm-none-eabi/5.4.1/../../../../arm-none-eabi/lib/armv7e-m/softfp\libcr_c.a(setvbuf.o)
                0x00005314                setvbuf
 .text.strcmp   0x00005354       0x46 c:/nxp/lpcxpresso_8.2.2_650/lpcxpresso/tools/bin/../lib/gcc/arm-none-eabi/5.4.1/../../../../arm-none-eabi/lib/armv7e-m/softfp\libcr_c.a(strcmp.o)
                0x00005354                strcmp
 .text.strcpy   0x0000539a       0x42 c:/nxp/lpcxpresso_8.2.2_650/lpcxpresso/tools/bin/../lib/gcc/arm-none-eabi/5.4.1/../../../../arm-none-eabi/lib/armv7e-m/softfp\libcr_c.a(strcpy.o)
                0x0000539a                strcpy
 .text.strlen   0x000053dc       0x4a c:/nxp/lpcxpresso_8.2.2_650/lpcxpresso/tools/bin/../lib/gcc/arm-none-eabi/5.4.1/../../../../arm-none-eabi/lib/armv7e-m/softfp\libcr_c.a(strlen.o)
                0x000053dc                strlen
 .text.memset   0x00005426        0x4 c:/nxp/lpcxpresso_8.2.2_650/lpcxpresso/tools/bin/../lib/gcc/arm-none-eabi/5.4.1/../../../../arm-none-eabi/lib/armv7e-m/softfp\libcr_c.a(memset.o)
                0x00005426                memset
 .text._deferredlazyseek
                0x0000542a       0x44 c:/nxp/lpcxpresso_8.2.2_650/lpcxpresso/tools/bin/../lib/gcc/arm-none-eabi/5.4.1/../../../../arm-none-eabi/lib/armv7e-m/softfp\libcr_c.a(_deferredlazyseek.o)
                0x0000542a                _deferredlazyseek
 .text.__flsbuf
                0x0000546e      0x140 c:/nxp/lpcxpresso_8.2.2_650/lpcxpresso/tools/bin/../lib/gcc/arm-none-eabi/5.4.1/../../../../arm-none-eabi/lib/armv7e-m/softfp\libcr_c.a(_deferredlazyseek.o)
                0x0000546e                __flsbuf
 .text._fdopen  0x000055ae       0x6a c:/nxp/lpcxpresso_8.2.2_650/lpcxpresso/tools/bin/../lib/gcc/arm-none-eabi/5.4.1/../../../../arm-none-eabi/lib/armv7e-m/softfp\libcr_c.a(_fdopen.o)
                0x000055ae                _fdopen
 .text._fflush  0x00005618       0x58 c:/nxp/lpcxpresso_8.2.2_650/lpcxpresso/tools/bin/../lib/gcc/arm-none-eabi/5.4.1/../../../../arm-none-eabi/lib/armv7e-m/softfp\libcr_c.a(_fflush.o)
                0x00005618                _fflush
 .text._frexpl  0x00005670       0x5a c:/nxp/lpcxpresso_8.2.2_650/lpcxpresso/tools/bin/../lib/gcc/arm-none-eabi/5.4.1/../../../../arm-none-eabi/lib/armv7e-m/softfp\libcr_c.a(_frexpl.o)
                0x00005670                _frexpl
 *fill*         0x000056ca        0x2 ff
 .text._ldexpl  0x000056cc       0x4c c:/nxp/lpcxpresso_8.2.2_650/lpcxpresso/tools/bin/../lib/gcc/arm-none-eabi/5.4.1/../../../../arm-none-eabi/lib/armv7e-m/softfp\libcr_c.a(_ldexpl.o)
                0x000056cc                _ldexpl
 .text._Cwritebuf
                0x00005718       0x68 c:/nxp/lpcxpresso_8.2.2_650/lpcxpresso/tools/bin/../lib/gcc/arm-none-eabi/5.4.1/../../../../arm-none-eabi/lib/armv7e-m/softfp\libcr_c.a(_writebuf.o)
                0x00005718                _Cwritebuf
 .text.malloc   0x00005780       0xc8 c:/nxp/lpcxpresso_8.2.2_650/lpcxpresso/tools/bin/../lib/gcc/arm-none-eabi/5.4.1/../../../../arm-none-eabi/lib/armv7e-m/softfp\libcr_c.a(alloc.o)
                0x00005780                malloc
 .text.free     0x00005848       0x30 c:/nxp/lpcxpresso_8.2.2_650/lpcxpresso/tools/bin/../lib/gcc/arm-none-eabi/5.4.1/../../../../arm-none-eabi/lib/armv7e-m/softfp\libcr_c.a(alloc.o)
                0x00005848                free
 .text._Csys_alloc
                0x00005878       0x20 c:/nxp/lpcxpresso_8.2.2_650/lpcxpresso/tools/bin/../lib/gcc/arm-none-eabi/5.4.1/../../../../arm-none-eabi/lib/armv7e-m/softfp\libcr_c.a(alloc.o)
                0x00005878                _Csys_alloc
 .text.fclose   0x00005898       0x6c c:/nxp/lpcxpresso_8.2.2_650/lpcxpresso/tools/bin/../lib/gcc/arm-none-eabi/5.4.1/../../../../arm-none-eabi/lib/armv7e-m/softfp\libcr_c.a(fclose.o)
                0x00005898                fclose
 .text.fflush   0x00005904       0x30 c:/nxp/lpcxpresso_8.2.2_650/lpcxpresso/tools/bin/../lib/gcc/arm-none-eabi/5.4.1/../../../../arm-none-eabi/lib/armv7e-m/softfp\libcr_c.a(fflush.o)
                0x00005904                fflush
 .text.fseek    0x00005934      0x110 c:/nxp/lpcxpresso_8.2.2_650/lpcxpresso/tools/bin/../lib/gcc/arm-none-eabi/5.4.1/../../../../arm-none-eabi/lib/armv7e-m/softfp\libcr_c.a(fseek.o)
                0x00005934                fseek
 .text.ftell    0x00005a44       0x4c c:/nxp/lpcxpresso_8.2.2_650/lpcxpresso/tools/bin/../lib/gcc/arm-none-eabi/5.4.1/../../../../arm-none-eabi/lib/armv7e-m/softfp\libcr_c.a(ftell.o)
                0x00005a44                ftell
 .text.remove   0x00005a90       0x14 c:/nxp/lpcxpresso_8.2.2_650/lpcxpresso/tools/bin/../lib/gcc/arm-none-eabi/5.4.1/../../../../arm-none-eabi/lib/armv7e-m/softfp\libcr_c.a(remove.o)
                0x00005a90                remove
 .text._sbrk    0x00005aa4       0x40 c:/nxp/lpcxpresso_8.2.2_650/lpcxpresso/tools/bin/../lib/gcc/arm-none-eabi/5.4.1/../../../../arm-none-eabi/lib/armv7e-m/softfp\libcr_c.a(_cr_sbrk.o)
                0x00005aa4                _sbrk
 .text._do_fflush
                0x00005ae4       0x44 c:/nxp/lpcxpresso_8.2.2_650/lpcxpresso/tools/bin/../lib/gcc/arm-none-eabi/5.4.1/../../../../arm-none-eabi/lib/armv7e-m/softfp\libcr_c.a(_do_fflush.o)
                0x00005ae4                _do_fflush
 .text.__check_heap_overflow
                0x00005b28       0x18 c:/nxp/lpcxpresso_8.2.2_650/lpcxpresso/tools/bin/../lib/gcc/arm-none-eabi/5.4.1/../../../../arm-none-eabi/lib/armv7e-m/softfp\libcr_c.a(_cr_check_heap.o)
                0x00005b28                __check_heap_overflow
 .text.__aeabi_division_uldivmod
                0x00005b40      0x174 c:/nxp/lpcxpresso_8.2.2_650/lpcxpresso/tools/bin/../lib/gcc/arm-none-eabi/5.4.1/armv7e-m/softfp\libcr_eabihelpers.a(division_64.o)
                0x00005b40                __aeabi_uldivmod
                0x00005b44                __bhs_ldivmod1
 .text.__aeabi_division_idiv0
                0x00005cb4        0x2 c:/nxp/lpcxpresso_8.2.2_650/lpcxpresso/tools/bin/../lib/gcc/arm-none-eabi/5.4.1/armv7e-m/softfp\libcr_eabihelpers.a(division_idiv0.o)
                0x00005cb4                __aeabi_idiv0
 *fill*         0x00005cb6        0x2 ff
 .text.__aeabi_dmul
                0x00005cb8      0x110 c:/nxp/lpcxpresso_8.2.2_650/lpcxpresso/tools/bin/../lib/gcc/arm-none-eabi/5.4.1/armv7e-m/softfp\libcr_eabihelpers.a(double.o)
                0x00005cb8                __aeabi_dmul
 .text.__aeabi_ddiv
                0x00005dc8      0x13c c:/nxp/lpcxpresso_8.2.2_650/lpcxpresso/tools/bin/../lib/gcc/arm-none-eabi/5.4.1/armv7e-m/softfp\libcr_eabihelpers.a(double.o)
                0x00005dc8                __aeabi_ddiv
 .text.__aeabi_dsub
                0x00005f04      0x1b4 c:/nxp/lpcxpresso_8.2.2_650/lpcxpresso/tools/bin/../lib/gcc/arm-none-eabi/5.4.1/armv7e-m/softfp\libcr_eabihelpers.a(double.o)
                0x00005f04                __aeabi_dsub
 .text.__aeabi_dadd
                0x000060b8      0x114 c:/nxp/lpcxpresso_8.2.2_650/lpcxpresso/tools/bin/../lib/gcc/arm-none-eabi/5.4.1/armv7e-m/softfp\libcr_eabihelpers.a(double.o)
                0x000060b8                __aeabi_dadd
 .text.__aeabi_d2iz
                0x000061cc       0x40 c:/nxp/lpcxpresso_8.2.2_650/lpcxpresso/tools/bin/../lib/gcc/arm-none-eabi/5.4.1/armv7e-m/softfp\libcr_eabihelpers.a(double.o)
                0x000061cc                __aeabi_d2iz
 .text.__bhs_ui2d
                0x0000620c       0x46 c:/nxp/lpcxpresso_8.2.2_650/lpcxpresso/tools/bin/../lib/gcc/arm-none-eabi/5.4.1/armv7e-m/softfp\libcr_eabihelpers.a(double.o)
                0x0000620c                __bhs_ui2d
 .text.__aeabi_i2d
                0x00006252       0x10 c:/nxp/lpcxpresso_8.2.2_650/lpcxpresso/tools/bin/../lib/gcc/arm-none-eabi/5.4.1/armv7e-m/softfp\libcr_eabihelpers.a(double.o)
                0x00006252                __aeabi_i2d
 .text.__aeabi_dcmpeq
                0x00006262       0x30 c:/nxp/lpcxpresso_8.2.2_650/lpcxpresso/tools/bin/../lib/gcc/arm-none-eabi/5.4.1/armv7e-m/softfp\libcr_eabihelpers.a(double.o)
                0x00006262                __aeabi_dcmpeq
 .text.__aeabi_dcmplt
                0x00006292       0x58 c:/nxp/lpcxpresso_8.2.2_650/lpcxpresso/tools/bin/../lib/gcc/arm-none-eabi/5.4.1/armv7e-m/softfp\libcr_eabihelpers.a(double.o)
                0x00006292                __aeabi_dcmplt
 .text.__aeabi_dcmple
                0x000062ea       0x54 c:/nxp/lpcxpresso_8.2.2_650/lpcxpresso/tools/bin/../lib/gcc/arm-none-eabi/5.4.1/armv7e-m/softfp\libcr_eabihelpers.a(double.o)
                0x000062ea                __aeabi_dcmple
 .text.__aeabi_dcmpge
                0x0000633e       0x54 c:/nxp/lpcxpresso_8.2.2_650/lpcxpresso/tools/bin/../lib/gcc/arm-none-eabi/5.4.1/armv7e-m/softfp\libcr_eabihelpers.a(double.o)
                0x0000633e                __aeabi_dcmpge
 .text.__aeabi_memset_lowlevel
                0x00006392       0x32 c:/nxp/lpcxpresso_8.2.2_650/lpcxpresso/tools/bin/../lib/gcc/arm-none-eabi/5.4.1/armv7e-m/softfp\libcr_eabihelpers.a(memcpy.o)
                0x00006392                __aeabi_lowlevel_memset
 .text.__sys_appexit
                0x000063c4        0x2 c:/nxp/lpcxpresso_8.2.2_650/lpcxpresso/tools/bin/../lib/gcc/arm-none-eabi/5.4.1/../../../../arm-none-eabi/lib/armv7e-m/softfp\libcr_nohost.a(__sys_appexit.o)
                0x000063c4                __sys_appexit
                0x000063c4                __exit
 .text.__sys_close
                0x000063c6        0x6 c:/nxp/lpcxpresso_8.2.2_650/lpcxpresso/tools/bin/../lib/gcc/arm-none-eabi/5.4.1/../../../../arm-none-eabi/lib/armv7e-m/softfp\libcr_nohost.a(__sys_close.o)
                0x000063c6                __sys_close
 .text.__sys_flen
                0x000063cc        0x6 c:/nxp/lpcxpresso_8.2.2_650/lpcxpresso/tools/bin/../lib/gcc/arm-none-eabi/5.4.1/../../../../arm-none-eabi/lib/armv7e-m/softfp\libcr_nohost.a(__sys_flen.o)
                0x000063cc                __sys_flen
 .text.__sys_istty
                0x000063d2        0x6 c:/nxp/lpcxpresso_8.2.2_650/lpcxpresso/tools/bin/../lib/gcc/arm-none-eabi/5.4.1/../../../../arm-none-eabi/lib/armv7e-m/softfp\libcr_nohost.a(__sys_istty.o)
                0x000063d2                __sys_istty
 .text.__sys_remove
                0x000063d8        0x6 c:/nxp/lpcxpresso_8.2.2_650/lpcxpresso/tools/bin/../lib/gcc/arm-none-eabi/5.4.1/../../../../arm-none-eabi/lib/armv7e-m/softfp\libcr_nohost.a(__sys_remove.o)
                0x000063d8                __sys_remove
 .text.__sys_seek
                0x000063de        0x6 c:/nxp/lpcxpresso_8.2.2_650/lpcxpresso/tools/bin/../lib/gcc/arm-none-eabi/5.4.1/../../../../arm-none-eabi/lib/armv7e-m/softfp\libcr_nohost.a(__sys_seek.o)
                0x000063de                __sys_seek
 .text.__sys_tmpnam
                0x000063e4        0x6 c:/nxp/lpcxpresso_8.2.2_650/lpcxpresso/tools/bin/../lib/gcc/arm-none-eabi/5.4.1/../../../../arm-none-eabi/lib/armv7e-m/softfp\libcr_nohost.a(__sys_tmpnam.o)
                0x000063e4                __sys_tmpnam
 *(.rodata .rodata.* .constdata .constdata.*)
 *fill*         0x000063ea        0x2 ff
 .rodata        0x000063ec       0x14 ./src/main.o
 .rodata.ExtClockIn
                0x00006400        0x4 D:\anas_datas\workspace1\lpc_board_lpcxpresso_54114\Debug\liblpc_board_lpcxpresso_54114.a(board.o)
                0x00006400                ExtClockIn
 .rodata.tstBits
                0x00006404        0x4 D:\anas_datas\workspace1\lpc_board_lpcxpresso_54114\Debug\liblpc_board_lpcxpresso_54114.a(board.o)
 .rodata.btnBits
                0x00006408        0x6 D:\anas_datas\workspace1\lpc_board_lpcxpresso_54114\Debug\liblpc_board_lpcxpresso_54114.a(board.o)
 *fill*         0x0000640e        0x2 ff
 .rodata.ledBits
                0x00006410        0x6 D:\anas_datas\workspace1\lpc_board_lpcxpresso_54114\Debug\liblpc_board_lpcxpresso_54114.a(board.o)
 *fill*         0x00006416        0x2 ff
 .rodata.pinmuxing
                0x00006418       0x30 D:\anas_datas\workspace1\lpc_board_lpcxpresso_54114\Debug\liblpc_board_lpcxpresso_54114.a(board_sysinit.o)
 .rodata        0x00006448       0x1f D:\anas_datas\workspace1\lpc_chip_5411x\Debug\liblpc_chip_5411x.a(clock_5411x.o)
 .rodata.str1.1
                0x00006467       0x34 c:/nxp/lpcxpresso_8.2.2_650/lpcxpresso/tools/bin/../lib/gcc/arm-none-eabi/5.4.1/../../../../arm-none-eabi/lib/armv7e-m/softfp\libcr_c.a(fpprintf.o)
                                 0x35 (size before relaxing)
 .rodata.str1.1
                0x0000649b        0x4 c:/nxp/lpcxpresso_8.2.2_650/lpcxpresso/tools/bin/../lib/gcc/arm-none-eabi/5.4.1/../../../../arm-none-eabi/lib/armv7e-m/softfp\libcr_c.a(initio.o)
 .rodata.str1.1
                0x0000649f       0x31 c:/nxp/lpcxpresso_8.2.2_650/lpcxpresso/tools/bin/../lib/gcc/arm-none-eabi/5.4.1/../../../../arm-none-eabi/lib/armv7e-m/softfp\libcr_c.a(printf.o)
                                 0x38 (size before relaxing)
 .rodata.str1.1
                0x000064d0       0x18 c:/nxp/lpcxpresso_8.2.2_650/lpcxpresso/tools/bin/../lib/gcc/arm-none-eabi/5.4.1/../../../../arm-none-eabi/lib/armv7e-m/softfp\libcr_c.a(alloc.o)
 .rodata.__huge_vall
                0x000064e8        0x8 c:/nxp/lpcxpresso_8.2.2_650/lpcxpresso/tools/bin/../lib/gcc/arm-none-eabi/5.4.1/../../../../arm-none-eabi/lib/armv7e-m/softfp\libcr_c.a(_hugeval.o)
                0x000064e8                __huge_vall
                0x000064f0                . = ALIGN (0x4)

.glue_7         0x000064f0        0x0
 .glue_7        0x000064f0        0x0 linker stubs

.glue_7t        0x000064f0        0x0
 .glue_7t       0x000064f0        0x0 linker stubs

.vfp11_veneer   0x000064f0        0x0
 .vfp11_veneer  0x000064f0        0x0 linker stubs

.v4_bx          0x000064f0        0x0
 .v4_bx         0x000064f0        0x0 linker stubs

.iplt           0x000064f0        0x0
 .iplt          0x000064f0        0x0 ./src/cr_startup_lpc5411x.o

.rel.dyn        0x000064f0        0x0
 .rel.iplt      0x000064f0        0x0 ./src/cr_startup_lpc5411x.o

.ARM.extab
 *(.ARM.extab* .gnu.linkonce.armextab.*)
                0x000064f0                __exidx_start = .

.ARM.exidx
 *(.ARM.exidx* .gnu.linkonce.armexidx.*)
                0x000064f0                __exidx_end = .
                0x000064f0                _etext = .

.data_RAM2      0x20010000        0x0 load address 0x000064f0
 FILL mask 0xff
                [!provide]                PROVIDE (__start_data_RAM2, .)
 *(.ramfunc.$RAM2)
 *(.ramfunc.$Ram1_64)
 *(.data.$RAM2*)
 *(.data.$Ram1_64*)
                0x20010000                . = ALIGN (0x4)
                [!provide]                PROVIDE (__end_data_RAM2, .)

.data_RAM3      0x20020000        0x0 load address 0x000064f0
 FILL mask 0xff
                [!provide]                PROVIDE (__start_data_RAM3, .)
 *(.ramfunc.$RAM3)
 *(.ramfunc.$Ram3_32)
 *(.data.$RAM3*)
 *(.data.$Ram3_32*)
                0x20020000                . = ALIGN (0x4)
                [!provide]                PROVIDE (__end_data_RAM3, .)

.data_RAM4      0x04000000        0x0 load address 0x000064f0
 FILL mask 0xff
                [!provide]                PROVIDE (__start_data_RAM4, .)
 *(.ramfunc.$RAM4)
 *(.ramfunc.$RamX_32)
 *(.data.$RAM4*)
 *(.data.$RamX_32*)
                0x04000000                . = ALIGN (0x4)
                [!provide]                PROVIDE (__end_data_RAM4, .)

.uninit_RESERVED
                0x20000000        0x0
 *(.bss.$RESERVED*)
                0x20000000                . = ALIGN (0x4)
                0x20000000                _end_uninit_RESERVED = .

.data           0x20000000     0x5808 load address 0x000064f0
 FILL mask 0xff
                0x20000000                _data = .
 *(vtable)
 *(.ramfunc*)
 *(.data*)
 .data.font1    0x20000000     0x12e1 ./src/main.o
                0x20000000                font1
 *fill*         0x200012e1        0x3 ff
 .data.arrt     0x200012e4      0x2f8 ./src/main.o
                0x200012e4                arrt
 .data.font_2   0x200015dc     0x390a ./src/main.o
                0x200015dc                font_2
 *fill*         0x20004ee6        0x2 ff
 .data.font_2_dat
                0x20004ee8      0x2f8 ./src/main.o
                0x20004ee8                font_2_dat
 .data.arrow_icon
                0x200051e0      0x200 ./src/main.o
                0x200051e0                arrow_icon
 .data.button_icon
                0x200053e0      0x428 ./src/main.o
                0x200053e0                button_icon
                0x20005808                . = ALIGN (0x4)
                0x20005808                _edata = .

.igot.plt       0x20005808        0x0 load address 0x0000bcf8
 .igot.plt      0x20005808        0x0 ./src/cr_startup_lpc5411x.o

.bss_RAM2       0x20010000        0x0
                [!provide]                PROVIDE (__start_bss_RAM2, .)
 *(.bss.$RAM2*)
 *(.bss.$Ram1_64*)
                0x20010000                . = ALIGN ((. != 0x0)?0x4:0x1)
                [!provide]                PROVIDE (__end_bss_RAM2, .)

.bss_RAM3       0x20020000        0x0
                [!provide]                PROVIDE (__start_bss_RAM3, .)
 *(.bss.$RAM3*)
 *(.bss.$Ram3_32*)
                0x20020000                . = ALIGN ((. != 0x0)?0x4:0x1)
                [!provide]                PROVIDE (__end_bss_RAM3, .)

.bss_RAM4       0x04000000        0x0
                [!provide]                PROVIDE (__start_bss_RAM4, .)
 *(.bss.$RAM4*)
 *(.bss.$RamX_32*)
                0x04000000                . = ALIGN ((. != 0x0)?0x4:0x1)
                [!provide]                PROVIDE (__end_bss_RAM4, .)

.bss            0x20005808      0x1c4
                0x20005808                _bss = .
 *(.bss*)
 .bss.g_axis    0x20005808        0x1 ./src/main.o
                0x20005808                g_axis
 .bss.g_touch_flag
                0x20005809        0x1 ./src/main.o
                0x20005809                g_touch_flag
 .bss.g_starts  0x2000580a        0x2 ./src/main.o
                0x2000580a                g_starts
 .bss.g_current_num
                0x2000580c        0x2 ./src/main.o
                0x2000580c                g_current_num
 .bss.x_tmp.8855
                0x2000580e        0x2 ./src/main.o
 .bss.y_tmp.8856
                0x20005810        0x2 ./src/main.o
 *fill*         0x20005812        0x2 
 .bss.str_sml.8858
                0x20005814       0x1e ./src/main.o
 .bss.x_tmp.8909
                0x20005832        0x2 ./src/main.o
 .bss.y_tmp.8910
                0x20005834        0x2 ./src/main.o
 *fill*         0x20005836        0x2 
 .bss.str_lar.8912
                0x20005838       0x19 ./src/main.o
 *fill*         0x20005851        0x1 
 .bss.tim.9054  0x20005852        0x2 ./src/main.o
 .bss.mclk_in_rate
                0x20005854        0x4 D:\anas_datas\workspace1\lpc_chip_5411x\Debug\liblpc_chip_5411x.a(clock_5411x.o)
                0x20005854                mclk_in_rate
 .bss.curPllRate
                0x20005858        0x4 D:\anas_datas\workspace1\lpc_chip_5411x\Debug\liblpc_chip_5411x.a(pll_5411x.o)
 .bss._extra    0x2000585c        0x4 c:/nxp/lpcxpresso_8.2.2_650/lpcxpresso/tools/bin/../lib/gcc/arm-none-eabi/5.4.1/../../../../arm-none-eabi/lib/armv7e-m/softfp\libcr_c.a(initio.o)
                0x2000585c                _extra
 .bss.__Ciob    0x20005860      0x140 c:/nxp/lpcxpresso_8.2.2_650/lpcxpresso/tools/bin/../lib/gcc/arm-none-eabi/5.4.1/../../../../arm-none-eabi/lib/armv7e-m/softfp\libcr_c.a(stdio.o)
                0x20005860                __Ciob
 .bss.errno     0x200059a0        0x4 c:/nxp/lpcxpresso_8.2.2_650/lpcxpresso/tools/bin/../lib/gcc/arm-none-eabi/5.4.1/../../../../arm-none-eabi/lib/armv7e-m/softfp\libcr_c.a(errno.o)
                0x200059a0                errno
 .bss.__heaps   0x200059a4        0x4 c:/nxp/lpcxpresso_8.2.2_650/lpcxpresso/tools/bin/../lib/gcc/arm-none-eabi/5.4.1/../../../../arm-none-eabi/lib/armv7e-m/softfp\libcr_c.a(__init_alloc.o)
                0x200059a4                __heaps
 .bss.__end_of_heap
                0x200059a8        0x4 c:/nxp/lpcxpresso_8.2.2_650/lpcxpresso/tools/bin/../lib/gcc/arm-none-eabi/5.4.1/../../../../arm-none-eabi/lib/armv7e-m/softfp\libcr_c.a(__init_alloc.o)
                0x200059a8                __end_of_heap
 *(COMMON)
 COMMON         0x200059ac        0x4 ./src/cr_startup_lpc5411x.o
                0x200059ac                __SWVtrace_Enabled
 COMMON         0x200059b0       0x16 ./src/main.o
                0x200059b0                g_adcOut_x
                0x200059b4                g_string_disp
                0x200059be                g_adcOut
                0x200059c0                g_val_y
                0x200059c2                g_adcOut_y
                0x200059c4                g_val_x
 *fill*         0x200059c6        0x2 
 COMMON         0x200059c8        0x4 D:\anas_datas\workspace1\lpc_chip_5411x\Debug\liblpc_chip_5411x.a(chip_5411x.o)
                0x200059c8                SystemCoreClock
                0x200059cc                . = ALIGN (0x4)
                0x200059cc                _ebss = .
                [!provide]                PROVIDE (end, .)

.noinit_RAM2    0x20010000        0x0
 *(.noinit.$RAM2*)
 *(.noinit.$Ram1_64*)
                0x20010000                . = ALIGN (0x4)

.noinit_RAM3    0x20020000        0x0
 *(.noinit.$RAM3*)
 *(.noinit.$Ram3_32*)
                0x20020000                . = ALIGN (0x4)

.noinit_RAM4    0x04000000        0x0
 *(.noinit.$RAM4*)
 *(.noinit.$RamX_32*)
                0x04000000                . = ALIGN (0x4)

.noinit         0x200059cc        0x0
                0x200059cc                _noinit = .
 *(.noinit*)
                0x200059cc                . = ALIGN (0x4)
                0x200059cc                _end_noinit = .
                0x200059cc                PROVIDE (_pvHeapStart, DEFINED (__user_heap_base)?__user_heap_base:.)
                0x20010000                PROVIDE (_vStackTop, DEFINED (__user_stack_top)?__user_stack_top:(__top_Ram0_64 - 0x0))
                0xdffef552                PROVIDE (__valid_user_code_checksum, (0x0 - ((((((_vStackTop + (ResetISR + 0x1)) + (NMI_Handler + 0x1)) + (HardFault_Handler + 0x1)) + (DEFINED (MemManage_Handler)?MemManage_Handler:0x0 + 0x1)) + (DEFINED (BusFault_Handler)?BusFault_Handler:0x0 + 0x1)) + (DEFINED (UsageFault_Handler)?UsageFault_Handler:0x0 + 0x1))))
OUTPUT(TFT.axf elf32-littlearm)

.debug_info     0x00000000     0xf6f9
 .debug_info    0x00000000      0x2b0 ./src/cr_startup_lpc5411x.o
 .debug_info    0x000002b0       0x3f ./src/crp.o
 .debug_info    0x000002ef     0x2d02 ./src/main.o
 .debug_info    0x00002ff1      0x2c4 ./src/sysinit.o
 .debug_info    0x000032b5     0x1815 D:\anas_datas\workspace1\lpc_board_lpcxpresso_54114\Debug\liblpc_board_lpcxpresso_54114.a(board.o)
 .debug_info    0x00004aca     0x10ea D:\anas_datas\workspace1\lpc_board_lpcxpresso_54114\Debug\liblpc_board_lpcxpresso_54114.a(board_sysinit.o)
 .debug_info    0x00005bb4     0x124d D:\anas_datas\workspace1\lpc_chip_5411x\Debug\liblpc_chip_5411x.a(adc_5411x.o)
 .debug_info    0x00006e01      0xd72 D:\anas_datas\workspace1\lpc_chip_5411x\Debug\liblpc_chip_5411x.a(chip_5411x.o)
 .debug_info    0x00007b73     0x10c4 D:\anas_datas\workspace1\lpc_chip_5411x\Debug\liblpc_chip_5411x.a(clock_5411x.o)
 .debug_info    0x00008c37      0x128 D:\anas_datas\workspace1\lpc_chip_5411x\Debug\liblpc_chip_5411x.a(fpu_init.o)
 .debug_info    0x00008d5f     0x1329 D:\anas_datas\workspace1\lpc_chip_5411x\Debug\liblpc_chip_5411x.a(pll_5411x.o)
 .debug_info    0x0000a088      0x4ef D:\anas_datas\workspace1\lpc_chip_5411x\Debug\liblpc_chip_5411x.a(spi_common_5411x.o)
 .debug_info    0x0000a577      0x987 D:\anas_datas\workspace1\lpc_chip_5411x\Debug\liblpc_chip_5411x.a(spim_5411x.o)
 .debug_info    0x0000aefe      0x9e5 D:\anas_datas\workspace1\lpc_chip_5411x\Debug\liblpc_chip_5411x.a(syscon_5411x.o)
 .debug_info    0x0000b8e3     0x1046 D:\anas_datas\workspace1\lpc_chip_5411x\Debug\liblpc_chip_5411x.a(sysinit_5411x.o)
 .debug_info    0x0000c929      0x287 D:\anas_datas\workspace1\lpc_chip_5411x\Debug\liblpc_chip_5411x.a(timer_5411x.o)
 .debug_info    0x0000cbb0     0x1c7f D:\anas_datas\workspace1\lpc_chip_5411x\Debug\liblpc_chip_5411x.a(uart_5411x.o)
 .debug_info    0x0000e82f      0xeca D:\anas_datas\workspace1\lpc_chip_5411x\Debug\liblpc_chip_5411x.a(flexcomm_5411x.o)

.debug_abbrev   0x00000000     0x23ad
 .debug_abbrev  0x00000000      0x134 ./src/cr_startup_lpc5411x.o
 .debug_abbrev  0x00000134       0x36 ./src/crp.o
 .debug_abbrev  0x0000016a      0x40f ./src/main.o
 .debug_abbrev  0x00000579       0xe3 ./src/sysinit.o
 .debug_abbrev  0x0000065c      0x30f D:\anas_datas\workspace1\lpc_board_lpcxpresso_54114\Debug\liblpc_board_lpcxpresso_54114.a(board.o)
 .debug_abbrev  0x0000096b      0x2b9 D:\anas_datas\workspace1\lpc_board_lpcxpresso_54114\Debug\liblpc_board_lpcxpresso_54114.a(board_sysinit.o)
 .debug_abbrev  0x00000c24      0x1f4 D:\anas_datas\workspace1\lpc_chip_5411x\Debug\liblpc_chip_5411x.a(adc_5411x.o)
 .debug_abbrev  0x00000e18      0x1e7 D:\anas_datas\workspace1\lpc_chip_5411x\Debug\liblpc_chip_5411x.a(chip_5411x.o)
 .debug_abbrev  0x00000fff      0x271 D:\anas_datas\workspace1\lpc_chip_5411x\Debug\liblpc_chip_5411x.a(clock_5411x.o)
 .debug_abbrev  0x00001270       0x84 D:\anas_datas\workspace1\lpc_chip_5411x\Debug\liblpc_chip_5411x.a(fpu_init.o)
 .debug_abbrev  0x000012f4      0x2af D:\anas_datas\workspace1\lpc_chip_5411x\Debug\liblpc_chip_5411x.a(pll_5411x.o)
 .debug_abbrev  0x000015a3      0x1c2 D:\anas_datas\workspace1\lpc_chip_5411x\Debug\liblpc_chip_5411x.a(spi_common_5411x.o)
 .debug_abbrev  0x00001765      0x28c D:\anas_datas\workspace1\lpc_chip_5411x\Debug\liblpc_chip_5411x.a(spim_5411x.o)
 .debug_abbrev  0x000019f1      0x14c D:\anas_datas\workspace1\lpc_chip_5411x\Debug\liblpc_chip_5411x.a(syscon_5411x.o)
 .debug_abbrev  0x00001b3d      0x23e D:\anas_datas\workspace1\lpc_chip_5411x\Debug\liblpc_chip_5411x.a(sysinit_5411x.o)
 .debug_abbrev  0x00001d7b      0x11e D:\anas_datas\workspace1\lpc_chip_5411x\Debug\liblpc_chip_5411x.a(timer_5411x.o)
 .debug_abbrev  0x00001e99      0x302 D:\anas_datas\workspace1\lpc_chip_5411x\Debug\liblpc_chip_5411x.a(uart_5411x.o)
 .debug_abbrev  0x0000219b      0x212 D:\anas_datas\workspace1\lpc_chip_5411x\Debug\liblpc_chip_5411x.a(flexcomm_5411x.o)

.debug_aranges  0x00000000      0x9e0
 .debug_aranges
                0x00000000       0x80 ./src/cr_startup_lpc5411x.o
 .debug_aranges
                0x00000080       0x18 ./src/crp.o
 .debug_aranges
                0x00000098      0x1f8 ./src/main.o
 .debug_aranges
                0x00000290       0x20 ./src/sysinit.o
 .debug_aranges
                0x000002b0       0xa8 D:\anas_datas\workspace1\lpc_board_lpcxpresso_54114\Debug\liblpc_board_lpcxpresso_54114.a(board.o)
 .debug_aranges
                0x00000358       0x38 D:\anas_datas\workspace1\lpc_board_lpcxpresso_54114\Debug\liblpc_board_lpcxpresso_54114.a(board_sysinit.o)
 .debug_aranges
                0x00000390       0x48 D:\anas_datas\workspace1\lpc_chip_5411x\Debug\liblpc_chip_5411x.a(adc_5411x.o)
 .debug_aranges
                0x000003d8       0x48 D:\anas_datas\workspace1\lpc_chip_5411x\Debug\liblpc_chip_5411x.a(chip_5411x.o)
 .debug_aranges
                0x00000420      0x100 D:\anas_datas\workspace1\lpc_chip_5411x\Debug\liblpc_chip_5411x.a(clock_5411x.o)
 .debug_aranges
                0x00000520       0x20 D:\anas_datas\workspace1\lpc_chip_5411x\Debug\liblpc_chip_5411x.a(fpu_init.o)
 .debug_aranges
                0x00000540       0xf0 D:\anas_datas\workspace1\lpc_chip_5411x\Debug\liblpc_chip_5411x.a(pll_5411x.o)
 .debug_aranges
                0x00000630       0x48 D:\anas_datas\workspace1\lpc_chip_5411x\Debug\liblpc_chip_5411x.a(spi_common_5411x.o)
 .debug_aranges
                0x00000678       0xd0 D:\anas_datas\workspace1\lpc_chip_5411x\Debug\liblpc_chip_5411x.a(spim_5411x.o)
 .debug_aranges
                0x00000748       0x50 D:\anas_datas\workspace1\lpc_chip_5411x\Debug\liblpc_chip_5411x.a(syscon_5411x.o)
 .debug_aranges
                0x00000798       0x88 D:\anas_datas\workspace1\lpc_chip_5411x\Debug\liblpc_chip_5411x.a(sysinit_5411x.o)
 .debug_aranges
                0x00000820       0x28 D:\anas_datas\workspace1\lpc_chip_5411x\Debug\liblpc_chip_5411x.a(timer_5411x.o)
 .debug_aranges
                0x00000848      0x138 D:\anas_datas\workspace1\lpc_chip_5411x\Debug\liblpc_chip_5411x.a(uart_5411x.o)
 .debug_aranges
                0x00000980       0x60 D:\anas_datas\workspace1\lpc_chip_5411x\Debug\liblpc_chip_5411x.a(flexcomm_5411x.o)

.debug_ranges   0x00000000      0x8d0
 .debug_ranges  0x00000000       0x70 ./src/cr_startup_lpc5411x.o
 .debug_ranges  0x00000070      0x1e8 ./src/main.o
 .debug_ranges  0x00000258       0x10 ./src/sysinit.o
 .debug_ranges  0x00000268       0x98 D:\anas_datas\workspace1\lpc_board_lpcxpresso_54114\Debug\liblpc_board_lpcxpresso_54114.a(board.o)
 .debug_ranges  0x00000300       0x28 D:\anas_datas\workspace1\lpc_board_lpcxpresso_54114\Debug\liblpc_board_lpcxpresso_54114.a(board_sysinit.o)
 .debug_ranges  0x00000328       0x38 D:\anas_datas\workspace1\lpc_chip_5411x\Debug\liblpc_chip_5411x.a(adc_5411x.o)
 .debug_ranges  0x00000360       0x38 D:\anas_datas\workspace1\lpc_chip_5411x\Debug\liblpc_chip_5411x.a(chip_5411x.o)
 .debug_ranges  0x00000398       0xf0 D:\anas_datas\workspace1\lpc_chip_5411x\Debug\liblpc_chip_5411x.a(clock_5411x.o)
 .debug_ranges  0x00000488       0x10 D:\anas_datas\workspace1\lpc_chip_5411x\Debug\liblpc_chip_5411x.a(fpu_init.o)
 .debug_ranges  0x00000498       0xe0 D:\anas_datas\workspace1\lpc_chip_5411x\Debug\liblpc_chip_5411x.a(pll_5411x.o)
 .debug_ranges  0x00000578       0x38 D:\anas_datas\workspace1\lpc_chip_5411x\Debug\liblpc_chip_5411x.a(spi_common_5411x.o)
 .debug_ranges  0x000005b0       0xc0 D:\anas_datas\workspace1\lpc_chip_5411x\Debug\liblpc_chip_5411x.a(spim_5411x.o)
 .debug_ranges  0x00000670       0x40 D:\anas_datas\workspace1\lpc_chip_5411x\Debug\liblpc_chip_5411x.a(syscon_5411x.o)
 .debug_ranges  0x000006b0       0x78 D:\anas_datas\workspace1\lpc_chip_5411x\Debug\liblpc_chip_5411x.a(sysinit_5411x.o)
 .debug_ranges  0x00000728       0x18 D:\anas_datas\workspace1\lpc_chip_5411x\Debug\liblpc_chip_5411x.a(timer_5411x.o)
 .debug_ranges  0x00000740      0x140 D:\anas_datas\workspace1\lpc_chip_5411x\Debug\liblpc_chip_5411x.a(uart_5411x.o)
 .debug_ranges  0x00000880       0x50 D:\anas_datas\workspace1\lpc_chip_5411x\Debug\liblpc_chip_5411x.a(flexcomm_5411x.o)

.debug_macro    0x00000000     0x7657
 .debug_macro   0x00000000       0x1d ./src/cr_startup_lpc5411x.o
 .debug_macro   0x0000001d      0x8b0 ./src/cr_startup_lpc5411x.o
 .debug_macro   0x000008cd       0x1a ./src/crp.o
 .debug_macro   0x000008e7       0x34 ./src/crp.o
 .debug_macro   0x0000091b      0x2dc ./src/main.o
 .debug_macro   0x00000bf7       0x10 ./src/main.o
 .debug_macro   0x00000c07      0x12d ./src/main.o
 .debug_macro   0x00000d34      0x5b2 ./src/main.o
 .debug_macro   0x000012e6       0x22 ./src/main.o
 .debug_macro   0x00001308       0x89 ./src/main.o
 .debug_macro   0x00001391       0xab ./src/main.o
 .debug_macro   0x0000143c       0x3b ./src/main.o
 .debug_macro   0x00001477       0x2d ./src/main.o
 .debug_macro   0x000014a4       0x42 ./src/main.o
 .debug_macro   0x000014e6      0xd39 ./src/main.o
 .debug_macro   0x0000221f      0x1b7 ./src/main.o
 .debug_macro   0x000023d6       0x10 ./src/main.o
 .debug_macro   0x000023e6       0xca ./src/main.o
 .debug_macro   0x000024b0       0x18 ./src/main.o
 .debug_macro   0x000024c8       0x16 ./src/main.o
 .debug_macro   0x000024de      0x106 ./src/main.o
 .debug_macro   0x000025e4       0x2d ./src/main.o
 .debug_macro   0x00002611       0x28 ./src/main.o
 .debug_macro   0x00002639       0x16 ./src/main.o
 .debug_macro   0x0000264f       0xb8 ./src/main.o
 .debug_macro   0x00002707       0x70 ./src/main.o
 .debug_macro   0x00002777       0x6a ./src/main.o
 .debug_macro   0x000027e1       0x76 ./src/main.o
 .debug_macro   0x00002857       0x34 ./src/main.o
 .debug_macro   0x0000288b      0x205 ./src/main.o
 .debug_macro   0x00002a90       0x46 ./src/main.o
 .debug_macro   0x00002ad6       0x6a ./src/main.o
 .debug_macro   0x00002b40       0x28 ./src/main.o
 .debug_macro   0x00002b68       0x1c ./src/main.o
 .debug_macro   0x00002b84       0x10 ./src/main.o
 .debug_macro   0x00002b94       0x1f ./src/main.o
 .debug_macro   0x00002bb3       0x40 ./src/main.o
 .debug_macro   0x00002bf3      0x1f5 ./src/main.o
 .debug_macro   0x00002de8      0x152 ./src/main.o
 .debug_macro   0x00002f3a       0x95 ./src/main.o
 .debug_macro   0x00002fcf       0x16 ./src/main.o
 .debug_macro   0x00002fe5      0x380 ./src/main.o
 .debug_macro   0x00003365      0x3a2 ./src/main.o
 .debug_macro   0x00003707       0x1f ./src/main.o
 .debug_macro   0x00003726      0x5ca ./src/main.o
 .debug_macro   0x00003cf0       0x2e ./src/main.o
 .debug_macro   0x00003d1e      0x193 ./src/main.o
 .debug_macro   0x00003eb1       0x3a ./src/main.o
 .debug_macro   0x00003eeb       0x9a ./src/main.o
 .debug_macro   0x00003f85       0x58 ./src/main.o
 .debug_macro   0x00003fdd       0x88 ./src/main.o
 .debug_macro   0x00004065       0x10 ./src/main.o
 .debug_macro   0x00004075       0x10 ./src/main.o
 .debug_macro   0x00004085      0x289 ./src/sysinit.o
 .debug_macro   0x0000430e      0x2a4 D:\anas_datas\workspace1\lpc_board_lpcxpresso_54114\Debug\liblpc_board_lpcxpresso_54114.a(board.o)
 .debug_macro   0x000045b2      0x89e D:\anas_datas\workspace1\lpc_board_lpcxpresso_54114\Debug\liblpc_board_lpcxpresso_54114.a(board.o)
 .debug_macro   0x00004e50       0x12 D:\anas_datas\workspace1\lpc_board_lpcxpresso_54114\Debug\liblpc_board_lpcxpresso_54114.a(board.o)
 .debug_macro   0x00004e62      0x297 D:\anas_datas\workspace1\lpc_board_lpcxpresso_54114\Debug\liblpc_board_lpcxpresso_54114.a(board_sysinit.o)
 .debug_macro   0x000050f9      0x254 D:\anas_datas\workspace1\lpc_chip_5411x\Debug\liblpc_chip_5411x.a(adc_5411x.o)
 .debug_macro   0x0000534d      0x8a4 D:\anas_datas\workspace1\lpc_chip_5411x\Debug\liblpc_chip_5411x.a(adc_5411x.o)
 .debug_macro   0x00005bf1      0x254 D:\anas_datas\workspace1\lpc_chip_5411x\Debug\liblpc_chip_5411x.a(chip_5411x.o)
 .debug_macro   0x00005e45      0x25a D:\anas_datas\workspace1\lpc_chip_5411x\Debug\liblpc_chip_5411x.a(clock_5411x.o)
 .debug_macro   0x0000609f       0xb2 D:\anas_datas\workspace1\lpc_chip_5411x\Debug\liblpc_chip_5411x.a(fpu_init.o)
 .debug_macro   0x00006151      0x4b4 D:\anas_datas\workspace1\lpc_chip_5411x\Debug\liblpc_chip_5411x.a(pll_5411x.o)
 .debug_macro   0x00006605      0x254 D:\anas_datas\workspace1\lpc_chip_5411x\Debug\liblpc_chip_5411x.a(spi_common_5411x.o)
 .debug_macro   0x00006859      0x254 D:\anas_datas\workspace1\lpc_chip_5411x\Debug\liblpc_chip_5411x.a(spim_5411x.o)
 .debug_macro   0x00006aad      0x254 D:\anas_datas\workspace1\lpc_chip_5411x\Debug\liblpc_chip_5411x.a(syscon_5411x.o)
 .debug_macro   0x00006d01      0x254 D:\anas_datas\workspace1\lpc_chip_5411x\Debug\liblpc_chip_5411x.a(sysinit_5411x.o)
 .debug_macro   0x00006f55      0x25a D:\anas_datas\workspace1\lpc_chip_5411x\Debug\liblpc_chip_5411x.a(timer_5411x.o)
 .debug_macro   0x000071af      0x254 D:\anas_datas\workspace1\lpc_chip_5411x\Debug\liblpc_chip_5411x.a(uart_5411x.o)
 .debug_macro   0x00007403      0x254 D:\anas_datas\workspace1\lpc_chip_5411x\Debug\liblpc_chip_5411x.a(flexcomm_5411x.o)

.debug_line     0x00000000     0x6346
 .debug_line    0x00000000       0xef ./src/cr_startup_lpc5411x.o
 .debug_line    0x000000ef       0x78 ./src/crp.o
 .debug_line    0x00000167      0xc9e ./src/main.o
 .debug_line    0x00000e05      0x4b2 ./src/sysinit.o
 .debug_line    0x000012b7      0x71a D:\anas_datas\workspace1\lpc_board_lpcxpresso_54114\Debug\liblpc_board_lpcxpresso_54114.a(board.o)
 .debug_line    0x000019d1      0x53f D:\anas_datas\workspace1\lpc_board_lpcxpresso_54114\Debug\liblpc_board_lpcxpresso_54114.a(board_sysinit.o)
 .debug_line    0x00001f10      0x517 D:\anas_datas\workspace1\lpc_chip_5411x\Debug\liblpc_chip_5411x.a(adc_5411x.o)
 .debug_line    0x00002427      0x4d4 D:\anas_datas\workspace1\lpc_chip_5411x\Debug\liblpc_chip_5411x.a(chip_5411x.o)
 .debug_line    0x000028fb      0x70d D:\anas_datas\workspace1\lpc_chip_5411x\Debug\liblpc_chip_5411x.a(clock_5411x.o)
 .debug_line    0x00003008      0x1cf D:\anas_datas\workspace1\lpc_chip_5411x\Debug\liblpc_chip_5411x.a(fpu_init.o)
 .debug_line    0x000031d7      0x863 D:\anas_datas\workspace1\lpc_chip_5411x\Debug\liblpc_chip_5411x.a(pll_5411x.o)
 .debug_line    0x00003a3a      0x4c2 D:\anas_datas\workspace1\lpc_chip_5411x\Debug\liblpc_chip_5411x.a(spi_common_5411x.o)
 .debug_line    0x00003efc      0x707 D:\anas_datas\workspace1\lpc_chip_5411x\Debug\liblpc_chip_5411x.a(spim_5411x.o)
 .debug_line    0x00004603      0x4ee D:\anas_datas\workspace1\lpc_chip_5411x\Debug\liblpc_chip_5411x.a(syscon_5411x.o)
 .debug_line    0x00004af1      0x5ac D:\anas_datas\workspace1\lpc_chip_5411x\Debug\liblpc_chip_5411x.a(sysinit_5411x.o)
 .debug_line    0x0000509d      0x477 D:\anas_datas\workspace1\lpc_chip_5411x\Debug\liblpc_chip_5411x.a(timer_5411x.o)
 .debug_line    0x00005514      0x8f8 D:\anas_datas\workspace1\lpc_chip_5411x\Debug\liblpc_chip_5411x.a(uart_5411x.o)
 .debug_line    0x00005e0c      0x53a D:\anas_datas\workspace1\lpc_chip_5411x\Debug\liblpc_chip_5411x.a(flexcomm_5411x.o)

.debug_str      0x00000000    0x18762
 .debug_str     0x00000000     0x2760 ./src/cr_startup_lpc5411x.o
                               0x2773 (size before relaxing)
 .debug_str     0x00002760       0xe9 ./src/crp.o
                               0x2639 (size before relaxing)
 .debug_str     0x00002849    0x128f3 ./src/main.o
                              0x15050 (size before relaxing)
 .debug_str     0x0001513c       0x11 ./src/sysinit.o
                              0x12a76 (size before relaxing)
 .debug_str     0x0001514d      0x40c D:\anas_datas\workspace1\lpc_board_lpcxpresso_54114\Debug\liblpc_board_lpcxpresso_54114.a(board.o)
                              0x13773 (size before relaxing)
 .debug_str     0x00015559      0x241 D:\anas_datas\workspace1\lpc_board_lpcxpresso_54114\Debug\liblpc_board_lpcxpresso_54114.a(board_sysinit.o)
                              0x1342c (size before relaxing)
 .debug_str     0x0001579a       0xd4 D:\anas_datas\workspace1\lpc_chip_5411x\Debug\liblpc_chip_5411x.a(adc_5411x.o)
                              0x13cb2 (size before relaxing)
 .debug_str     0x0001586e      0x456 D:\anas_datas\workspace1\lpc_chip_5411x\Debug\liblpc_chip_5411x.a(chip_5411x.o)
                              0x133a1 (size before relaxing)
 .debug_str     0x00015cc4      0x870 D:\anas_datas\workspace1\lpc_chip_5411x\Debug\liblpc_chip_5411x.a(clock_5411x.o)
                              0x13614 (size before relaxing)
 .debug_str     0x00016534       0xb5 D:\anas_datas\workspace1\lpc_chip_5411x\Debug\liblpc_chip_5411x.a(fpu_init.o)
                               0x9b96 (size before relaxing)
 .debug_str     0x000165e9     0x146f D:\anas_datas\workspace1\lpc_chip_5411x\Debug\liblpc_chip_5411x.a(pll_5411x.o)
                              0x13edf (size before relaxing)
 .debug_str     0x00017a58      0x100 D:\anas_datas\workspace1\lpc_chip_5411x\Debug\liblpc_chip_5411x.a(spi_common_5411x.o)
                              0x1289c (size before relaxing)
 .debug_str     0x00017b58      0x303 D:\anas_datas\workspace1\lpc_chip_5411x\Debug\liblpc_chip_5411x.a(spim_5411x.o)
                              0x12a5a (size before relaxing)
 .debug_str     0x00017e5b      0x113 D:\anas_datas\workspace1\lpc_chip_5411x\Debug\liblpc_chip_5411x.a(syscon_5411x.o)
                              0x12afe (size before relaxing)
 .debug_str     0x00017f6e      0x207 D:\anas_datas\workspace1\lpc_chip_5411x\Debug\liblpc_chip_5411x.a(sysinit_5411x.o)
                              0x1345a (size before relaxing)
 .debug_str     0x00018175       0xf5 D:\anas_datas\workspace1\lpc_chip_5411x\Debug\liblpc_chip_5411x.a(timer_5411x.o)
                              0x126cc (size before relaxing)
 .debug_str     0x0001826a      0x426 D:\anas_datas\workspace1\lpc_chip_5411x\Debug\liblpc_chip_5411x.a(uart_5411x.o)
                              0x13fec (size before relaxing)
 .debug_str     0x00018690       0xd2 D:\anas_datas\workspace1\lpc_chip_5411x\Debug\liblpc_chip_5411x.a(flexcomm_5411x.o)
                              0x1350f (size before relaxing)

.comment        0x00000000      0x14c
 .comment       0x00000000       0x6e ./src/cr_startup_lpc5411x.o
                                 0x6f (size before relaxing)
 .comment       0x0000006e       0x6f ./src/crp.o
 .comment       0x0000006e       0x6f ./src/main.o
 .comment       0x0000006e       0x6f ./src/sysinit.o
 .comment       0x0000006e       0x6f D:\anas_datas\workspace1\lpc_board_lpcxpresso_54114\Debug\liblpc_board_lpcxpresso_54114.a(board.o)
 .comment       0x0000006e       0x6f D:\anas_datas\workspace1\lpc_board_lpcxpresso_54114\Debug\liblpc_board_lpcxpresso_54114.a(board_sysinit.o)
 .comment       0x0000006e       0x6f D:\anas_datas\workspace1\lpc_chip_5411x\Debug\liblpc_chip_5411x.a(adc_5411x.o)
 .comment       0x0000006e       0x6f D:\anas_datas\workspace1\lpc_chip_5411x\Debug\liblpc_chip_5411x.a(chip_5411x.o)
 .comment       0x0000006e       0x6f D:\anas_datas\workspace1\lpc_chip_5411x\Debug\liblpc_chip_5411x.a(clock_5411x.o)
 .comment       0x0000006e       0x6f D:\anas_datas\workspace1\lpc_chip_5411x\Debug\liblpc_chip_5411x.a(fpu_init.o)
 .comment       0x0000006e       0x6f D:\anas_datas\workspace1\lpc_chip_5411x\Debug\liblpc_chip_5411x.a(pll_5411x.o)
 .comment       0x0000006e       0x6f D:\anas_datas\workspace1\lpc_chip_5411x\Debug\liblpc_chip_5411x.a(spi_common_5411x.o)
 .comment       0x0000006e       0x6f D:\anas_datas\workspace1\lpc_chip_5411x\Debug\liblpc_chip_5411x.a(spim_5411x.o)
 .comment       0x0000006e       0x6f D:\anas_datas\workspace1\lpc_chip_5411x\Debug\liblpc_chip_5411x.a(syscon_5411x.o)
 .comment       0x0000006e       0x6f D:\anas_datas\workspace1\lpc_chip_5411x\Debug\liblpc_chip_5411x.a(sysinit_5411x.o)
 .comment       0x0000006e       0x6f D:\anas_datas\workspace1\lpc_chip_5411x\Debug\liblpc_chip_5411x.a(timer_5411x.o)
 .comment       0x0000006e       0x6f D:\anas_datas\workspace1\lpc_chip_5411x\Debug\liblpc_chip_5411x.a(uart_5411x.o)
 .comment       0x0000006e       0x6f D:\anas_datas\workspace1\lpc_chip_5411x\Debug\liblpc_chip_5411x.a(flexcomm_5411x.o)
 .comment       0x0000006e       0x70 D:\anas_datas\workspace1\lpc_chip_5411x\libs\libpower.a(power_library.o)
                                 0x71 (size before relaxing)
 .comment       0x000000de       0x6e c:/nxp/lpcxpresso_8.2.2_650/lpcxpresso/tools/bin/../lib/gcc/arm-none-eabi/5.4.1/../../../../arm-none-eabi/lib/armv7e-m/softfp\libcr_nohost.a(_cr__main.o)
                                 0x6f (size before relaxing)
 .comment       0x0000014c       0x6f c:/nxp/lpcxpresso_8.2.2_650/lpcxpresso/tools/bin/../lib/gcc/arm-none-eabi/5.4.1/../../../../arm-none-eabi/lib/armv7e-m/softfp\libcr_c.a(fpprintf.o)
 .comment       0x0000014c       0x6f c:/nxp/lpcxpresso_8.2.2_650/lpcxpresso/tools/bin/../lib/gcc/arm-none-eabi/5.4.1/../../../../arm-none-eabi/lib/armv7e-m/softfp\libcr_c.a(initio.o)
 .comment       0x0000014c       0x6f c:/nxp/lpcxpresso_8.2.2_650/lpcxpresso/tools/bin/../lib/gcc/arm-none-eabi/5.4.1/../../../../arm-none-eabi/lib/armv7e-m/softfp\libcr_c.a(printf.o)
 .comment       0x0000014c       0x6f c:/nxp/lpcxpresso_8.2.2_650/lpcxpresso/tools/bin/../lib/gcc/arm-none-eabi/5.4.1/../../../../arm-none-eabi/lib/armv7e-m/softfp\libcr_c.a(setvbuf.o)
 .comment       0x0000014c       0x6f c:/nxp/lpcxpresso_8.2.2_650/lpcxpresso/tools/bin/../lib/gcc/arm-none-eabi/5.4.1/../../../../arm-none-eabi/lib/armv7e-m/softfp\libcr_c.a(stdio.o)
 .comment       0x0000014c       0x6f c:/nxp/lpcxpresso_8.2.2_650/lpcxpresso/tools/bin/../lib/gcc/arm-none-eabi/5.4.1/../../../../arm-none-eabi/lib/armv7e-m/softfp\libcr_c.a(strcmp.o)
 .comment       0x0000014c       0x6f c:/nxp/lpcxpresso_8.2.2_650/lpcxpresso/tools/bin/../lib/gcc/arm-none-eabi/5.4.1/../../../../arm-none-eabi/lib/armv7e-m/softfp\libcr_c.a(strcpy.o)
 .comment       0x0000014c       0x6f c:/nxp/lpcxpresso_8.2.2_650/lpcxpresso/tools/bin/../lib/gcc/arm-none-eabi/5.4.1/../../../../arm-none-eabi/lib/armv7e-m/softfp\libcr_c.a(strlen.o)
 .comment       0x0000014c       0x6f c:/nxp/lpcxpresso_8.2.2_650/lpcxpresso/tools/bin/../lib/gcc/arm-none-eabi/5.4.1/../../../../arm-none-eabi/lib/armv7e-m/softfp\libcr_c.a(memset.o)
 .comment       0x0000014c       0x6f c:/nxp/lpcxpresso_8.2.2_650/lpcxpresso/tools/bin/../lib/gcc/arm-none-eabi/5.4.1/../../../../arm-none-eabi/lib/armv7e-m/softfp\libcr_c.a(_deferredlazyseek.o)
 .comment       0x0000014c       0x6f c:/nxp/lpcxpresso_8.2.2_650/lpcxpresso/tools/bin/../lib/gcc/arm-none-eabi/5.4.1/../../../../arm-none-eabi/lib/armv7e-m/softfp\libcr_c.a(_fdopen.o)
 .comment       0x0000014c       0x6f c:/nxp/lpcxpresso_8.2.2_650/lpcxpresso/tools/bin/../lib/gcc/arm-none-eabi/5.4.1/../../../../arm-none-eabi/lib/armv7e-m/softfp\libcr_c.a(_fflush.o)
 .comment       0x0000014c       0x6f c:/nxp/lpcxpresso_8.2.2_650/lpcxpresso/tools/bin/../lib/gcc/arm-none-eabi/5.4.1/../../../../arm-none-eabi/lib/armv7e-m/softfp\libcr_c.a(_frexpl.o)
 .comment       0x0000014c       0x6f c:/nxp/lpcxpresso_8.2.2_650/lpcxpresso/tools/bin/../lib/gcc/arm-none-eabi/5.4.1/../../../../arm-none-eabi/lib/armv7e-m/softfp\libcr_c.a(_ldexpl.o)
 .comment       0x0000014c       0x6f c:/nxp/lpcxpresso_8.2.2_650/lpcxpresso/tools/bin/../lib/gcc/arm-none-eabi/5.4.1/../../../../arm-none-eabi/lib/armv7e-m/softfp\libcr_c.a(_writebuf.o)
 .comment       0x0000014c       0x6f c:/nxp/lpcxpresso_8.2.2_650/lpcxpresso/tools/bin/../lib/gcc/arm-none-eabi/5.4.1/../../../../arm-none-eabi/lib/armv7e-m/softfp\libcr_c.a(alloc.o)
 .comment       0x0000014c       0x6f c:/nxp/lpcxpresso_8.2.2_650/lpcxpresso/tools/bin/../lib/gcc/arm-none-eabi/5.4.1/../../../../arm-none-eabi/lib/armv7e-m/softfp\libcr_c.a(errno.o)
 .comment       0x0000014c       0x6f c:/nxp/lpcxpresso_8.2.2_650/lpcxpresso/tools/bin/../lib/gcc/arm-none-eabi/5.4.1/../../../../arm-none-eabi/lib/armv7e-m/softfp\libcr_c.a(fclose.o)
 .comment       0x0000014c       0x6f c:/nxp/lpcxpresso_8.2.2_650/lpcxpresso/tools/bin/../lib/gcc/arm-none-eabi/5.4.1/../../../../arm-none-eabi/lib/armv7e-m/softfp\libcr_c.a(fflush.o)
 .comment       0x0000014c       0x6f c:/nxp/lpcxpresso_8.2.2_650/lpcxpresso/tools/bin/../lib/gcc/arm-none-eabi/5.4.1/../../../../arm-none-eabi/lib/armv7e-m/softfp\libcr_c.a(fseek.o)
 .comment       0x0000014c       0x6f c:/nxp/lpcxpresso_8.2.2_650/lpcxpresso/tools/bin/../lib/gcc/arm-none-eabi/5.4.1/../../../../arm-none-eabi/lib/armv7e-m/softfp\libcr_c.a(ftell.o)
 .comment       0x0000014c       0x6f c:/nxp/lpcxpresso_8.2.2_650/lpcxpresso/tools/bin/../lib/gcc/arm-none-eabi/5.4.1/../../../../arm-none-eabi/lib/armv7e-m/softfp\libcr_c.a(remove.o)
 .comment       0x0000014c       0x6f c:/nxp/lpcxpresso_8.2.2_650/lpcxpresso/tools/bin/../lib/gcc/arm-none-eabi/5.4.1/../../../../arm-none-eabi/lib/armv7e-m/softfp\libcr_c.a(__init_alloc.o)
 .comment       0x0000014c       0x6f c:/nxp/lpcxpresso_8.2.2_650/lpcxpresso/tools/bin/../lib/gcc/arm-none-eabi/5.4.1/../../../../arm-none-eabi/lib/armv7e-m/softfp\libcr_c.a(_cr_sbrk.o)
 .comment       0x0000014c       0x6f c:/nxp/lpcxpresso_8.2.2_650/lpcxpresso/tools/bin/../lib/gcc/arm-none-eabi/5.4.1/../../../../arm-none-eabi/lib/armv7e-m/softfp\libcr_c.a(_do_fflush.o)
 .comment       0x0000014c       0x6f c:/nxp/lpcxpresso_8.2.2_650/lpcxpresso/tools/bin/../lib/gcc/arm-none-eabi/5.4.1/../../../../arm-none-eabi/lib/armv7e-m/softfp\libcr_c.a(_hugeval.o)
 .comment       0x0000014c       0x6f c:/nxp/lpcxpresso_8.2.2_650/lpcxpresso/tools/bin/../lib/gcc/arm-none-eabi/5.4.1/../../../../arm-none-eabi/lib/armv7e-m/softfp\libcr_c.a(_cr_check_heap.o)
 .comment       0x0000014c       0x6f c:/nxp/lpcxpresso_8.2.2_650/lpcxpresso/tools/bin/../lib/gcc/arm-none-eabi/5.4.1/armv7e-m/softfp\libcr_eabihelpers.a(double.o)
 .comment       0x0000014c       0x6f c:/nxp/lpcxpresso_8.2.2_650/lpcxpresso/tools/bin/../lib/gcc/arm-none-eabi/5.4.1/../../../../arm-none-eabi/lib/armv7e-m/softfp\libcr_nohost.a(__sys_appexit.o)
 .comment       0x0000014c       0x6f c:/nxp/lpcxpresso_8.2.2_650/lpcxpresso/tools/bin/../lib/gcc/arm-none-eabi/5.4.1/../../../../arm-none-eabi/lib/armv7e-m/softfp\libcr_nohost.a(__sys_close.o)
 .comment       0x0000014c       0x6f c:/nxp/lpcxpresso_8.2.2_650/lpcxpresso/tools/bin/../lib/gcc/arm-none-eabi/5.4.1/../../../../arm-none-eabi/lib/armv7e-m/softfp\libcr_nohost.a(__sys_flen.o)
 .comment       0x0000014c       0x6f c:/nxp/lpcxpresso_8.2.2_650/lpcxpresso/tools/bin/../lib/gcc/arm-none-eabi/5.4.1/../../../../arm-none-eabi/lib/armv7e-m/softfp\libcr_nohost.a(__sys_istty.o)
 .comment       0x0000014c       0x6f c:/nxp/lpcxpresso_8.2.2_650/lpcxpresso/tools/bin/../lib/gcc/arm-none-eabi/5.4.1/../../../../arm-none-eabi/lib/armv7e-m/softfp\libcr_nohost.a(__sys_remove.o)
 .comment       0x0000014c       0x6f c:/nxp/lpcxpresso_8.2.2_650/lpcxpresso/tools/bin/../lib/gcc/arm-none-eabi/5.4.1/../../../../arm-none-eabi/lib/armv7e-m/softfp\libcr_nohost.a(__sys_seek.o)
 .comment       0x0000014c       0x6f c:/nxp/lpcxpresso_8.2.2_650/lpcxpresso/tools/bin/../lib/gcc/arm-none-eabi/5.4.1/../../../../arm-none-eabi/lib/armv7e-m/softfp\libcr_nohost.a(__sys_tmpnam.o)

.ARM.attributes
                0x00000000       0x35
 .ARM.attributes
                0x00000000       0x37 ./src/cr_startup_lpc5411x.o
 .ARM.attributes
                0x00000037       0x37 ./src/crp.o
 .ARM.attributes
                0x0000006e       0x37 ./src/main.o
 .ARM.attributes
                0x000000a5       0x37 ./src/sysinit.o
 .ARM.attributes
                0x000000dc       0x37 D:\anas_datas\workspace1\lpc_board_lpcxpresso_54114\Debug\liblpc_board_lpcxpresso_54114.a(board.o)
 .ARM.attributes
                0x00000113       0x37 D:\anas_datas\workspace1\lpc_board_lpcxpresso_54114\Debug\liblpc_board_lpcxpresso_54114.a(board_sysinit.o)
 .ARM.attributes
                0x0000014a       0x37 D:\anas_datas\workspace1\lpc_chip_5411x\Debug\liblpc_chip_5411x.a(adc_5411x.o)
 .ARM.attributes
                0x00000181       0x37 D:\anas_datas\workspace1\lpc_chip_5411x\Debug\liblpc_chip_5411x.a(chip_5411x.o)
 .ARM.attributes
                0x000001b8       0x37 D:\anas_datas\workspace1\lpc_chip_5411x\Debug\liblpc_chip_5411x.a(clock_5411x.o)
 .ARM.attributes
                0x000001ef       0x37 D:\anas_datas\workspace1\lpc_chip_5411x\Debug\liblpc_chip_5411x.a(fpu_init.o)
 .ARM.attributes
                0x00000226       0x37 D:\anas_datas\workspace1\lpc_chip_5411x\Debug\liblpc_chip_5411x.a(pll_5411x.o)
 .ARM.attributes
                0x0000025d       0x37 D:\anas_datas\workspace1\lpc_chip_5411x\Debug\liblpc_chip_5411x.a(spi_common_5411x.o)
 .ARM.attributes
                0x00000294       0x37 D:\anas_datas\workspace1\lpc_chip_5411x\Debug\liblpc_chip_5411x.a(spim_5411x.o)
 .ARM.attributes
                0x000002cb       0x37 D:\anas_datas\workspace1\lpc_chip_5411x\Debug\liblpc_chip_5411x.a(syscon_5411x.o)
 .ARM.attributes
                0x00000302       0x37 D:\anas_datas\workspace1\lpc_chip_5411x\Debug\liblpc_chip_5411x.a(sysinit_5411x.o)
 .ARM.attributes
                0x00000339       0x37 D:\anas_datas\workspace1\lpc_chip_5411x\Debug\liblpc_chip_5411x.a(timer_5411x.o)
 .ARM.attributes
                0x00000370       0x37 D:\anas_datas\workspace1\lpc_chip_5411x\Debug\liblpc_chip_5411x.a(uart_5411x.o)
 .ARM.attributes
                0x000003a7       0x37 D:\anas_datas\workspace1\lpc_chip_5411x\Debug\liblpc_chip_5411x.a(flexcomm_5411x.o)
 .ARM.attributes
                0x000003de       0x37 D:\anas_datas\workspace1\lpc_chip_5411x\libs\libpower.a(power_library.o)
 .ARM.attributes
                0x00000415       0x37 c:/nxp/lpcxpresso_8.2.2_650/lpcxpresso/tools/bin/../lib/gcc/arm-none-eabi/5.4.1/../../../../arm-none-eabi/lib/armv7e-m/softfp\libcr_nohost.a(_cr__main.o)
 .ARM.attributes
                0x0000044c       0x37 c:/nxp/lpcxpresso_8.2.2_650/lpcxpresso/tools/bin/../lib/gcc/arm-none-eabi/5.4.1/../../../../arm-none-eabi/lib/armv7e-m/softfp\libcr_c.a(fpprintf.o)
 .ARM.attributes
                0x00000483       0x37 c:/nxp/lpcxpresso_8.2.2_650/lpcxpresso/tools/bin/../lib/gcc/arm-none-eabi/5.4.1/../../../../arm-none-eabi/lib/armv7e-m/softfp\libcr_c.a(initio.o)
 .ARM.attributes
                0x000004ba       0x37 c:/nxp/lpcxpresso_8.2.2_650/lpcxpresso/tools/bin/../lib/gcc/arm-none-eabi/5.4.1/../../../../arm-none-eabi/lib/armv7e-m/softfp\libcr_c.a(printf.o)
 .ARM.attributes
                0x000004f1       0x37 c:/nxp/lpcxpresso_8.2.2_650/lpcxpresso/tools/bin/../lib/gcc/arm-none-eabi/5.4.1/../../../../arm-none-eabi/lib/armv7e-m/softfp\libcr_c.a(setvbuf.o)
 .ARM.attributes
                0x00000528       0x37 c:/nxp/lpcxpresso_8.2.2_650/lpcxpresso/tools/bin/../lib/gcc/arm-none-eabi/5.4.1/../../../../arm-none-eabi/lib/armv7e-m/softfp\libcr_c.a(stdio.o)
 .ARM.attributes
                0x0000055f       0x37 c:/nxp/lpcxpresso_8.2.2_650/lpcxpresso/tools/bin/../lib/gcc/arm-none-eabi/5.4.1/../../../../arm-none-eabi/lib/armv7e-m/softfp\libcr_c.a(strcmp.o)
 .ARM.attributes
                0x00000596       0x37 c:/nxp/lpcxpresso_8.2.2_650/lpcxpresso/tools/bin/../lib/gcc/arm-none-eabi/5.4.1/../../../../arm-none-eabi/lib/armv7e-m/softfp\libcr_c.a(strcpy.o)
 .ARM.attributes
                0x000005cd       0x37 c:/nxp/lpcxpresso_8.2.2_650/lpcxpresso/tools/bin/../lib/gcc/arm-none-eabi/5.4.1/../../../../arm-none-eabi/lib/armv7e-m/softfp\libcr_c.a(strlen.o)
 .ARM.attributes
                0x00000604       0x37 c:/nxp/lpcxpresso_8.2.2_650/lpcxpresso/tools/bin/../lib/gcc/arm-none-eabi/5.4.1/../../../../arm-none-eabi/lib/armv7e-m/softfp\libcr_c.a(memset.o)
 .ARM.attributes
                0x0000063b       0x37 c:/nxp/lpcxpresso_8.2.2_650/lpcxpresso/tools/bin/../lib/gcc/arm-none-eabi/5.4.1/../../../../arm-none-eabi/lib/armv7e-m/softfp\libcr_c.a(_deferredlazyseek.o)
 .ARM.attributes
                0x00000672       0x37 c:/nxp/lpcxpresso_8.2.2_650/lpcxpresso/tools/bin/../lib/gcc/arm-none-eabi/5.4.1/../../../../arm-none-eabi/lib/armv7e-m/softfp\libcr_c.a(_fdopen.o)
 .ARM.attributes
                0x000006a9       0x37 c:/nxp/lpcxpresso_8.2.2_650/lpcxpresso/tools/bin/../lib/gcc/arm-none-eabi/5.4.1/../../../../arm-none-eabi/lib/armv7e-m/softfp\libcr_c.a(_fflush.o)
 .ARM.attributes
                0x000006e0       0x37 c:/nxp/lpcxpresso_8.2.2_650/lpcxpresso/tools/bin/../lib/gcc/arm-none-eabi/5.4.1/../../../../arm-none-eabi/lib/armv7e-m/softfp\libcr_c.a(_frexpl.o)
 .ARM.attributes
                0x00000717       0x37 c:/nxp/lpcxpresso_8.2.2_650/lpcxpresso/tools/bin/../lib/gcc/arm-none-eabi/5.4.1/../../../../arm-none-eabi/lib/armv7e-m/softfp\libcr_c.a(_ldexpl.o)
 .ARM.attributes
                0x0000074e       0x37 c:/nxp/lpcxpresso_8.2.2_650/lpcxpresso/tools/bin/../lib/gcc/arm-none-eabi/5.4.1/../../../../arm-none-eabi/lib/armv7e-m/softfp\libcr_c.a(_writebuf.o)
 .ARM.attributes
                0x00000785       0x37 c:/nxp/lpcxpresso_8.2.2_650/lpcxpresso/tools/bin/../lib/gcc/arm-none-eabi/5.4.1/../../../../arm-none-eabi/lib/armv7e-m/softfp\libcr_c.a(alloc.o)
 .ARM.attributes
                0x000007bc       0x37 c:/nxp/lpcxpresso_8.2.2_650/lpcxpresso/tools/bin/../lib/gcc/arm-none-eabi/5.4.1/../../../../arm-none-eabi/lib/armv7e-m/softfp\libcr_c.a(errno.o)
 .ARM.attributes
                0x000007f3       0x37 c:/nxp/lpcxpresso_8.2.2_650/lpcxpresso/tools/bin/../lib/gcc/arm-none-eabi/5.4.1/../../../../arm-none-eabi/lib/armv7e-m/softfp\libcr_c.a(fclose.o)
 .ARM.attributes
                0x0000082a       0x37 c:/nxp/lpcxpresso_8.2.2_650/lpcxpresso/tools/bin/../lib/gcc/arm-none-eabi/5.4.1/../../../../arm-none-eabi/lib/armv7e-m/softfp\libcr_c.a(fflush.o)
 .ARM.attributes
                0x00000861       0x37 c:/nxp/lpcxpresso_8.2.2_650/lpcxpresso/tools/bin/../lib/gcc/arm-none-eabi/5.4.1/../../../../arm-none-eabi/lib/armv7e-m/softfp\libcr_c.a(fseek.o)
 .ARM.attributes
                0x00000898       0x37 c:/nxp/lpcxpresso_8.2.2_650/lpcxpresso/tools/bin/../lib/gcc/arm-none-eabi/5.4.1/../../../../arm-none-eabi/lib/armv7e-m/softfp\libcr_c.a(ftell.o)
 .ARM.attributes
                0x000008cf       0x37 c:/nxp/lpcxpresso_8.2.2_650/lpcxpresso/tools/bin/../lib/gcc/arm-none-eabi/5.4.1/../../../../arm-none-eabi/lib/armv7e-m/softfp\libcr_c.a(remove.o)
 .ARM.attributes
                0x00000906       0x37 c:/nxp/lpcxpresso_8.2.2_650/lpcxpresso/tools/bin/../lib/gcc/arm-none-eabi/5.4.1/../../../../arm-none-eabi/lib/armv7e-m/softfp\libcr_c.a(__init_alloc.o)
 .ARM.attributes
                0x0000093d       0x37 c:/nxp/lpcxpresso_8.2.2_650/lpcxpresso/tools/bin/../lib/gcc/arm-none-eabi/5.4.1/../../../../arm-none-eabi/lib/armv7e-m/softfp\libcr_c.a(_cr_sbrk.o)
 .ARM.attributes
                0x00000974       0x37 c:/nxp/lpcxpresso_8.2.2_650/lpcxpresso/tools/bin/../lib/gcc/arm-none-eabi/5.4.1/../../../../arm-none-eabi/lib/armv7e-m/softfp\libcr_c.a(_do_fflush.o)
 .ARM.attributes
                0x000009ab       0x37 c:/nxp/lpcxpresso_8.2.2_650/lpcxpresso/tools/bin/../lib/gcc/arm-none-eabi/5.4.1/../../../../arm-none-eabi/lib/armv7e-m/softfp\libcr_c.a(_hugeval.o)
 .ARM.attributes
                0x000009e2       0x37 c:/nxp/lpcxpresso_8.2.2_650/lpcxpresso/tools/bin/../lib/gcc/arm-none-eabi/5.4.1/../../../../arm-none-eabi/lib/armv7e-m/softfp\libcr_c.a(_cr_check_heap.o)
 .ARM.attributes
                0x00000a19       0x25 c:/nxp/lpcxpresso_8.2.2_650/lpcxpresso/tools/bin/../lib/gcc/arm-none-eabi/5.4.1/armv7e-m/softfp\libcr_eabihelpers.a(division_64.o)
 .ARM.attributes
                0x00000a3e       0x25 c:/nxp/lpcxpresso_8.2.2_650/lpcxpresso/tools/bin/../lib/gcc/arm-none-eabi/5.4.1/armv7e-m/softfp\libcr_eabihelpers.a(division_idiv0.o)
 .ARM.attributes
                0x00000a63       0x37 c:/nxp/lpcxpresso_8.2.2_650/lpcxpresso/tools/bin/../lib/gcc/arm-none-eabi/5.4.1/armv7e-m/softfp\libcr_eabihelpers.a(double.o)
 .ARM.attributes
                0x00000a9a       0x25 c:/nxp/lpcxpresso_8.2.2_650/lpcxpresso/tools/bin/../lib/gcc/arm-none-eabi/5.4.1/armv7e-m/softfp\libcr_eabihelpers.a(memcpy.o)
 .ARM.attributes
                0x00000abf       0x37 c:/nxp/lpcxpresso_8.2.2_650/lpcxpresso/tools/bin/../lib/gcc/arm-none-eabi/5.4.1/../../../../arm-none-eabi/lib/armv7e-m/softfp\libcr_nohost.a(__sys_appexit.o)
 .ARM.attributes
                0x00000af6       0x37 c:/nxp/lpcxpresso_8.2.2_650/lpcxpresso/tools/bin/../lib/gcc/arm-none-eabi/5.4.1/../../../../arm-none-eabi/lib/armv7e-m/softfp\libcr_nohost.a(__sys_close.o)
 .ARM.attributes
                0x00000b2d       0x37 c:/nxp/lpcxpresso_8.2.2_650/lpcxpresso/tools/bin/../lib/gcc/arm-none-eabi/5.4.1/../../../../arm-none-eabi/lib/armv7e-m/softfp\libcr_nohost.a(__sys_flen.o)
 .ARM.attributes
                0x00000b64       0x37 c:/nxp/lpcxpresso_8.2.2_650/lpcxpresso/tools/bin/../lib/gcc/arm-none-eabi/5.4.1/../../../../arm-none-eabi/lib/armv7e-m/softfp\libcr_nohost.a(__sys_istty.o)
 .ARM.attributes
                0x00000b9b       0x37 c:/nxp/lpcxpresso_8.2.2_650/lpcxpresso/tools/bin/../lib/gcc/arm-none-eabi/5.4.1/../../../../arm-none-eabi/lib/armv7e-m/softfp\libcr_nohost.a(__sys_remove.o)
 .ARM.attributes
                0x00000bd2       0x37 c:/nxp/lpcxpresso_8.2.2_650/lpcxpresso/tools/bin/../lib/gcc/arm-none-eabi/5.4.1/../../../../arm-none-eabi/lib/armv7e-m/softfp\libcr_nohost.a(__sys_seek.o)
 .ARM.attributes
                0x00000c09       0x37 c:/nxp/lpcxpresso_8.2.2_650/lpcxpresso/tools/bin/../lib/gcc/arm-none-eabi/5.4.1/../../../../arm-none-eabi/lib/armv7e-m/softfp\libcr_nohost.a(__sys_tmpnam.o)

.debug_frame    0x00000000     0x256c
 .debug_frame   0x00000000      0x170 ./src/cr_startup_lpc5411x.o
 .debug_frame   0x00000170      0x89c ./src/main.o
 .debug_frame   0x00000a0c       0x2c ./src/sysinit.o
 .debug_frame   0x00000a38      0x1b8 D:\anas_datas\workspace1\lpc_board_lpcxpresso_54114\Debug\liblpc_board_lpcxpresso_54114.a(board.o)
 .debug_frame   0x00000bf0       0x78 D:\anas_datas\workspace1\lpc_board_lpcxpresso_54114\Debug\liblpc_board_lpcxpresso_54114.a(board_sysinit.o)
 .debug_frame   0x00000c68       0xf0 D:\anas_datas\workspace1\lpc_chip_5411x\Debug\liblpc_chip_5411x.a(adc_5411x.o)